Archive member included to satisfy reference by file (symbol)

C:\ST\STEdgeAI\2.0\Middlewares\ST\AI\Lib\GCC\ARMCortexM55\NetworkRuntime1000_CM55_GCC.a(core_convert.o)
                              ll_sw_integer.o (node_convert)
C:\ST\STEdgeAI\2.0\Middlewares\ST\AI\Lib\GCC\ARMCortexM55\NetworkRuntime1000_CM55_GCC.a(layers_conv2d_generic_float.o)
                              ll_sw_float.o (forward_conv2d_if32of32wf32_group)
C:\ST\STEdgeAI\2.0\Middlewares\ST\AI\Lib\GCC\ARMCortexM55\NetworkRuntime1000_CM55_GCC.a(layers_conv2d_rgb_sssa8_ch.o)
                              ll_sw_integer.o (forward_conv2d_rgb_sssa8_ch)
C:\ST\STEdgeAI\2.0\Middlewares\ST\AI\Lib\GCC\ARMCortexM55\NetworkRuntime1000_CM55_GCC.a(layers_conv2d_sssa8_ch.o)
                              ll_sw_integer.o (forward_conv2d_dilated_sssa8_ch)
C:\ST\STEdgeAI\2.0\Middlewares\ST\AI\Lib\GCC\ARMCortexM55\NetworkRuntime1000_CM55_GCC.a(layers_conv2d_stm32_integer.o)
                              ll_sw_integer.o (forward_conv2d_integer)
C:\ST\STEdgeAI\2.0\Middlewares\ST\AI\Lib\GCC\ARMCortexM55\NetworkRuntime1000_CM55_GCC.a(layers_dw_sssa8_ch.o)
                              ll_sw_integer.o (forward_dw_dm_sssa8_ch)
C:\ST\STEdgeAI\2.0\Middlewares\ST\AI\Lib\GCC\ARMCortexM55\NetworkRuntime1000_CM55_GCC.a(layers_generic_float.o)
                              ll_sw_float.o (forward_gather)
C:\ST\STEdgeAI\2.0\Middlewares\ST\AI\Lib\GCC\ARMCortexM55\NetworkRuntime1000_CM55_GCC.a(layers_nl_generic_float.o)
                              ll_sw_float.o (forward_acos)
C:\ST\STEdgeAI\2.0\Middlewares\ST\AI\Lib\GCC\ARMCortexM55\NetworkRuntime1000_CM55_GCC.a(layers_nl_stm32_integer.o)
                              ll_sw_integer.o (forward_relu_integer)
C:\ST\STEdgeAI\2.0\Middlewares\ST\AI\Lib\GCC\ARMCortexM55\NetworkRuntime1000_CM55_GCC.a(layers_norm_generic_float.o)
                              ll_sw_float.o (forward_lrn)
C:\ST\STEdgeAI\2.0\Middlewares\ST\AI\Lib\GCC\ARMCortexM55\NetworkRuntime1000_CM55_GCC.a(layers_pad_generic.o)
                              C:\ST\STEdgeAI\2.0\Middlewares\ST\AI\Lib\GCC\ARMCortexM55\NetworkRuntime1000_CM55_GCC.a(layers_generic_float.o) (forward_pad_8bit_ch1st_3x3_constant)
C:\ST\STEdgeAI\2.0\Middlewares\ST\AI\Lib\GCC\ARMCortexM55\NetworkRuntime1000_CM55_GCC.a(layers_pool_generic_float.o)
                              ll_sw_float.o (forward_mp)
C:\ST\STEdgeAI\2.0\Middlewares\ST\AI\Lib\GCC\ARMCortexM55\NetworkRuntime1000_CM55_GCC.a(layers_pool_stm32_integer.o)
                              ll_sw_integer.o (forward_mp_integer)
C:\ST\STEdgeAI\2.0\Middlewares\ST\AI\Lib\GCC\ARMCortexM55\NetworkRuntime1000_CM55_GCC.a(layers_pw_sssa8_ch.o)
                              ll_sw_integer.o (forward_pw_sssa8_ch)
C:\ST\STEdgeAI\2.0\Middlewares\ST\AI\Lib\GCC\ARMCortexM55\NetworkRuntime1000_CM55_GCC.a(layers_resize.o)
                              C:\ST\STEdgeAI\2.0\Middlewares\ST\AI\Lib\GCC\ARMCortexM55\NetworkRuntime1000_CM55_GCC.a(layers_generic_float.o) (forward_resize_nearest_if32of32)
C:\ST\STEdgeAI\2.0\Middlewares\ST\AI\Lib\GCC\ARMCortexM55\NetworkRuntime1000_CM55_GCC.a(layers_stm32_integer.o)
                              ll_sw_integer.o (forward_eltwise_integer)
C:\ST\STEdgeAI\2.0\Middlewares\ST\AI\Lib\GCC\ARMCortexM55\NetworkRuntime1000_CM55_GCC.a(layers_upsample_generic.o)
                              ll_sw_float.o (forward_upsample_zeros)
C:\ST\STEdgeAI\2.0\Middlewares\ST\AI\Lib\GCC\ARMCortexM55\NetworkRuntime1000_CM55_GCC.a(forward_lite_argminmax.o)
                              C:\ST\STEdgeAI\2.0\Middlewares\ST\AI\Lib\GCC\ARMCortexM55\NetworkRuntime1000_CM55_GCC.a(layers_generic_float.o) (forward_lite_argmax_if32)
C:\ST\STEdgeAI\2.0\Middlewares\ST\AI\Lib\GCC\ARMCortexM55\NetworkRuntime1000_CM55_GCC.a(forward_lite_conv2d_if32of32wf32.o)
                              C:\ST\STEdgeAI\2.0\Middlewares\ST\AI\Lib\GCC\ARMCortexM55\NetworkRuntime1000_CM55_GCC.a(layers_conv2d_generic_float.o) (forward_lite_conv2d_if32of32wf32)
C:\ST\STEdgeAI\2.0\Middlewares\ST\AI\Lib\GCC\ARMCortexM55\NetworkRuntime1000_CM55_GCC.a(forward_lite_convert.o)
                              C:\ST\STEdgeAI\2.0\Middlewares\ST\AI\Lib\GCC\ARMCortexM55\NetworkRuntime1000_CM55_GCC.a(core_convert.o) (forward_lite_node_convert_is1os8)
C:\ST\STEdgeAI\2.0\Middlewares\ST\AI\Lib\GCC\ARMCortexM55\NetworkRuntime1000_CM55_GCC.a(forward_lite_dense_is8os8ws8.o)
                              C:\ST\STEdgeAI\2.0\Middlewares\ST\AI\Lib\GCC\ARMCortexM55\NetworkRuntime1000_CM55_GCC.a(layers_conv2d_stm32_integer.o) (forward_lite_dense_is8os8ws8)
C:\ST\STEdgeAI\2.0\Middlewares\ST\AI\Lib\GCC\ARMCortexM55\NetworkRuntime1000_CM55_GCC.a(forward_lite_dw_sssa8_ch.o)
                              C:\ST\STEdgeAI\2.0\Middlewares\ST\AI\Lib\GCC\ARMCortexM55\NetworkRuntime1000_CM55_GCC.a(layers_dw_sssa8_ch.o) (st_dw_sssa8_ch_Wadapt)
C:\ST\STEdgeAI\2.0\Middlewares\ST\AI\Lib\GCC\ARMCortexM55\NetworkRuntime1000_CM55_GCC.a(forward_lite_pw_sssa8_ch.o)
[...]
Memory Configuration

Name             Origin             Length             Attributes
RAM              0x20000000         0x02000000         xrw
FLASH            0x08000000         0x02000000         xr
*default*        0x00000000         0xffffffff

Linker script and memory map

LOAD c:/program files (x86)/arm gnu toolchain arm-none-eabi/12.3 rel1/bin/../lib/gcc/arm-none-eabi/12.3.1/thumb/v8-m.main+dp/hard/crti.o
LOAD c:/program files (x86)/arm gnu toolchain arm-none-eabi/12.3 rel1/bin/../lib/gcc/arm-none-eabi/12.3.1/thumb/v8-m.main+dp/hard/crtbegin.o
LOAD c:/program files (x86)/arm gnu toolchain arm-none-eabi/12.3 rel1/bin/../lib/gcc/arm-none-eabi/12.3.1/thumb/v8-m.main+dp/hard/crt0.o
START GROUP
LOAD c:/program files (x86)/arm gnu toolchain arm-none-eabi/12.3 rel1/bin/../lib/gcc/arm-none-eabi/12.3.1/thumb/v8-m.main+dp/hard\libm.a
END GROUP
LOAD ecloader.o
LOAD ll_aton.o
LOAD ll_aton_cipher.o
LOAD ll_aton_dbgtrc.o
LOAD ll_aton_debug.o
LOAD ll_aton_lib.o
LOAD ll_aton_lib_sw_operators.o
LOAD ll_aton_n64.o
LOAD ll_aton_osal_freertos.o
LOAD ll_aton_osal_linux_bw.o
LOAD ll_aton_osal_linux_uio.o
LOAD ll_aton_osal_threadx.o
LOAD ll_aton_profiler.o
LOAD ll_aton_rt_main.o
LOAD ll_aton_runtime.o
LOAD ll_aton_util.o
LOAD ll_sw_float.o
LOAD ll_sw_integer.o
LOAD mobilenet_v2.o
LOAD startup_stm32xx.o
LOAD stedgeai_app_main.o
LOAD syscalls.o
LOAD sysmem.o
LOAD C:\ST\STEdgeAI\2.0\Middlewares\ST\AI\Lib\GCC\ARMCortexM55\NetworkRuntime1000_CM55_GCC.a
START GROUP
LOAD c:/program files (x86)/arm gnu toolchain arm-none-eabi/12.3 rel1/bin/../lib/gcc/arm-none-eabi/12.3.1/thumb/v8-m.main+dp/hard\libgcc.a
LOAD c:/program files (x86)/arm gnu toolchain arm-none-eabi/12.3 rel1/bin/../lib/gcc/arm-none-eabi/12.3.1/thumb/v8-m.main+dp/hard\libc_nano.a
END GROUP
START GROUP
LOAD c:/program files (x86)/arm gnu toolchain arm-none-eabi/12.3 rel1/bin/../lib/gcc/arm-none-eabi/12.3.1/thumb/v8-m.main+dp/hard\libgcc.a
LOAD c:/program files (x86)/arm gnu toolchain arm-none-eabi/12.3 rel1/bin/../lib/gcc/arm-none-eabi/12.3.1/thumb/v8-m.main+dp/hard\libc_nano.a
END GROUP
LOAD c:/program files (x86)/arm gnu toolchain arm-none-eabi/12.3 rel1/bin/../lib/gcc/arm-none-eabi/12.3.1/thumb/v8-m.main+dp/hard/crtend.o
LOAD c:/program files (x86)/arm gnu toolchain arm-none-eabi/12.3 rel1/bin/../lib/gcc/arm-none-eabi/12.3.1/thumb/v8-m.main+dp/hard/crtn.o
                0x21000000                        _estack = 0x21000000
                0x00002000                        _Min_Heap_Size = 0x2000
                0x00001000                        _Min_Stack_Size = 0x1000

.isr_vector     0x08000000       0x40
                0x08000000                        . = ALIGN (0x4)
 *(.isr_vector)
 .isr_vector    0x08000000       0x40 startup_stm32xx.o
                0x08000000                g_pfnVectors
                0x08000040                        . = ALIGN (0x4)

.text           0x08000040     0x5d24
                0x08000040                        . = ALIGN (0x4)
 *(.text)
 *(.text*)
 .text.deregister_tm_clones
                0x08000040       0x1c c:/program files (x86)/arm gnu toolchain arm-none-eabi/12.3 rel1/bin/../lib/gcc/arm-none-eabi/12.3.1/thumb/v8-m.main+dp/hard/crtbegin.o
 .text.register_tm_clones
                0x0800005c       0x28 c:/program files (x86)/arm gnu toolchain arm-none-eabi/12.3 rel1/bin/../lib/gcc/arm-none-eabi/12.3.1/thumb/v8-m.main+dp/hard/crtbegin.o
 .text.__do_global_dtors_aux
                0x08000084       0x28 c:/program files (x86)/arm gnu toolchain arm-none-eabi/12.3 rel1/bin/../lib/gcc/arm-none-eabi/12.3.1/thumb/v8-m.main+dp/hard/crtbegin.o
 .text.frame_dummy
                0x080000ac       0x24 c:/program files (x86)/arm gnu toolchain arm-none-eabi/12.3 rel1/bin/../lib/gcc/arm-none-eabi/12.3.1/thumb/v8-m.main+dp/hard/crtbegin.o
 .text.startWatchdog
                0x080000d0        0x4 ll_aton.o
                0x080000d0                startWatchdog
 .text.checkWatchdog
                0x080000d4        0x4 ll_aton.o
                0x080000d4                checkWatchdog
 .text.LL_ATON_Init
                0x080000d8      0x56c ll_aton.o
                0x080000d8                LL_ATON_Init
 .text.LL_ATON_DeInit
                0x08000644       0x22 ll_aton.o
                0x08000644                LL_ATON_DeInit
 *fill*         0x08000666        0x2 
 .text.LL_Streng_Wait
                0x08000668       0x5c ll_aton.o
                0x08000668                LL_Streng_Wait
 .text.LL_EpochCtrl_Wait
                0x080006c4       0x4c ll_aton.o
                0x080006c4                LL_EpochCtrl_Wait
 .text.LL_ATON_EnableClock
                0x08000710       0x1e ll_aton.o
                0x08000710                LL_ATON_EnableClock
 .text.LL_EpochCtrl_Init
                0x0800072e       0x34 ll_aton.o
                0x0800072e                LL_EpochCtrl_Init
 .text.LL_ATON_DisableClock
                0x08000762       0x18 ll_aton.o
                0x08000762                LL_ATON_DisableClock
 *fill*         0x0800077a        0x2 
 .text.LL_ATON_RT_Main
                0x0800077c       0x50 ll_aton_rt_main.o
                0x0800077c                LL_ATON_RT_Main
 .text.__LL_ATON_RT_Init_Network
                0x080007cc       0x48 ll_aton_runtime.o
 .text.__ll_clear_aton_owner
                0x08000814       0x40 ll_aton_runtime.o
 .text.__LL_ATON_RT_SetWaitMask.part.0
                0x08000854       0x1c ll_aton_runtime.o
 .text.EpochBlock_EpochControllerUnit
                0x08000870       0x28 ll_aton_runtime.o
 .text.LL_ATON_RT_Init_Network
                0x08000898       0x48 ll_aton_runtime.o
                0x08000898                LL_ATON_RT_Init_Network
 .text.LL_ATON_RT_DeInit_Network
                0x080008e0       0x38 ll_aton_runtime.o
                0x080008e0                LL_ATON_RT_DeInit_Network
 .text.LL_ATON_RT_RuntimeInit
                0x08000918       0x4c ll_aton_runtime.o
                0x08000918                LL_ATON_RT_RuntimeInit
 .text.LL_ATON_RT_RuntimeDeInit
                0x08000964       0x18 ll_aton_runtime.o
                0x08000964                LL_ATON_RT_RuntimeDeInit
 .text.LL_ATON_RT_RunEpochBlock
                0x0800097c      0x358 ll_aton_runtime.o
                0x0800097c                LL_ATON_RT_RunEpochBlock
 .text.ll_sw_forward_dequantizelinear
                0x08000cd4      0x138 ll_sw_integer.o
                0x08000cd4                ll_sw_forward_dequantizelinear
 .text.ll_sw_forward_softmax_integer
                0x08000e0c      0x204 ll_sw_integer.o
                0x08000e0c                ll_sw_forward_softmax_integer
 .text._ec_blob_cache_start_func_1
                0x08001010        0x2 mobilenet_v2.o
 *fill*         0x08001012        0x2 
 .text.LL_ATON_End_EpochBlock_60
                0x08001014       0x88 mobilenet_v2.o
 .text.LL_ATON_End_EpochBlock_59
                0x0800109c       0xcc mobilenet_v2.o
 .text.LL_ATON_Set_User_Input_Buffer_mobilenet_v2
                0x08001168        0x4 mobilenet_v2.o
                0x08001168                LL_ATON_Set_User_Input_Buffer_mobilenet_v2
 .text.LL_ATON_Get_User_Input_Buffer_mobilenet_v2
                0x0800116c        0x4 mobilenet_v2.o
                0x0800116c                LL_ATON_Get_User_Input_Buffer_mobilenet_v2
 .text.LL_ATON_Set_User_Output_Buffer_mobilenet_v2
                0x08001170        0x4 mobilenet_v2.o
                0x08001170                LL_ATON_Set_User_Output_Buffer_mobilenet_v2
 .text.LL_ATON_Get_User_Output_Buffer_mobilenet_v2
                0x08001174        0x4 mobilenet_v2.o
                0x08001174                LL_ATON_Get_User_Output_Buffer_mobilenet_v2
 .text.LL_ATON_EC_Network_Init_mobilenet_v2
                0x08001178        0x4 mobilenet_v2.o
                0x08001178                LL_ATON_EC_Network_Init_mobilenet_v2
 .text.LL_ATON_EC_Inference_Init_mobilenet_v2
                0x0800117c        0x4 mobilenet_v2.o
                0x0800117c                LL_ATON_EC_Inference_Init_mobilenet_v2
 .text.LL_ATON_EpochBlockItems_mobilenet_v2
                0x08001180        0x8 mobilenet_v2.o
                0x08001180                LL_ATON_EpochBlockItems_mobilenet_v2
 .text.LL_ATON_Input_Buffers_Info_mobilenet_v2
                0x08001188        0x8 mobilenet_v2.o
                0x08001188                LL_ATON_Input_Buffers_Info_mobilenet_v2
 .text.LL_ATON_Output_Buffers_Info_mobilenet_v2
                0x08001190        0x8 mobilenet_v2.o
                0x08001190                LL_ATON_Output_Buffers_Info_mobilenet_v2
 .text.LL_ATON_Internal_Buffers_Info_mobilenet_v2
                0x08001198        0x8 mobilenet_v2.o
                0x08001198                LL_ATON_Internal_Buffers_Info_mobilenet_v2
 .text.Reset_Handler
                0x080011a0       0x50 startup_stm32xx.o
                0x080011a0                Reset_Handler
 .text.Default_Handler
                0x080011f0        0x2 startup_stm32xx.o
                0x080011f0                DebugMon_Handler
                0x080011f0                HardFault_Handler
                0x080011f0                SysTick_Handler
                0x080011f0                PendSV_Handler
                0x080011f0                NMI_Handler
                0x080011f0                UsageFault_Handler
                0x080011f0                Default_Handler
                0x080011f0                MemManage_Handler
                0x080011f0                SVC_Handler
                0x080011f0                BusFault_Handler
 .text.SystemInit
                0x080011f2        0x2 stedgeai_app_main.o
                0x080011f2                SystemInit
 .text.startup.main
                0x080011f4       0x10 stedgeai_app_main.o
                0x080011f4                main
 .text._getpid  0x08001204        0x4 syscalls.o
                0x08001204                _getpid
 .text._kill    0x08001208       0x10 syscalls.o
                0x08001208                _kill
 .text._exit    0x08001218        0xc syscalls.o
                0x08001218                _exit
 .text._read    0x08001224       0x1c syscalls.o
                0x08001224                _read
 .text._write   0x08001240       0x1c syscalls.o
                0x08001240                _write
 .text._close   0x0800125c        0x6 syscalls.o
                0x0800125c                _close
 .text._fstat   0x08001262        0xa syscalls.o
                0x08001262                _fstat
 .text._isatty  0x0800126c        0x4 syscalls.o
                0x0800126c                _isatty
 .text._lseek   0x08001270        0x4 syscalls.o
                0x08001270                _lseek
 .text._sbrk    0x08001274       0x40 sysmem.o
                0x08001274                _sbrk
 .text.node_convert
                0x080012b4      0x2ac C:\ST\STEdgeAI\2.0\Middlewares\ST\AI\Lib\GCC\ARMCortexM55\NetworkRuntime1000_CM55_GCC.a(core_convert.o)
                0x080012b4                node_convert
 .text.forward_sm_integer
                0x08001560       0xd0 C:\ST\STEdgeAI\2.0\Middlewares\ST\AI\Lib\GCC\ARMCortexM55\NetworkRuntime1000_CM55_GCC.a(layers_nl_stm32_integer.o)
                0x08001560                forward_sm_integer
 .text.forward_lite_node_convert_integer_is8of32
                0x08001630        0x4 C:\ST\STEdgeAI\2.0\Middlewares\ST\AI\Lib\GCC\ARMCortexM55\NetworkRuntime1000_CM55_GCC.a(forward_lite_convert.o)
                0x08001630                forward_lite_node_convert_integer_is8of32
 .text.forward_lite_node_convert_integer_iu8of32
                0x08001634        0x4 C:\ST\STEdgeAI\2.0\Middlewares\ST\AI\Lib\GCC\ARMCortexM55\NetworkRuntime1000_CM55_GCC.a(forward_lite_convert.o)
                0x08001634                forward_lite_node_convert_integer_iu8of32
 .text.forward_lite_node_convert_integer_if32os8
                0x08001638        0x4 C:\ST\STEdgeAI\2.0\Middlewares\ST\AI\Lib\GCC\ARMCortexM55\NetworkRuntime1000_CM55_GCC.a(forward_lite_convert.o)
                0x08001638                forward_lite_node_convert_integer_if32os8
 .text.forward_lite_node_convert_integer_if32ou8
                0x0800163c        0x4 C:\ST\STEdgeAI\2.0\Middlewares\ST\AI\Lib\GCC\ARMCortexM55\NetworkRuntime1000_CM55_GCC.a(forward_lite_convert.o)
                0x0800163c                forward_lite_node_convert_integer_if32ou8
 .text.lite_convert_is8of32
                0x08001640       0x6c C:\ST\STEdgeAI\2.0\Middlewares\ST\AI\Lib\GCC\ARMCortexM55\NetworkRuntime1000_CM55_GCC.a(lite_convert_kernel.o)
                0x08001640                lite_convert_is8of32
 .text.lite_convert_iu8of32
                0x080016ac       0x4c C:\ST\STEdgeAI\2.0\Middlewares\ST\AI\Lib\GCC\ARMCortexM55\NetworkRuntime1000_CM55_GCC.a(lite_convert_kernel.o)
                0x080016ac                lite_convert_iu8of32
 .text.lite_convert_if32os8
                0x080016f8      0x1f0 C:\ST\STEdgeAI\2.0\Middlewares\ST\AI\Lib\GCC\ARMCortexM55\NetworkRuntime1000_CM55_GCC.a(lite_convert_kernel.o)
                0x080016f8                lite_convert_if32os8
 .text.lite_convert_if32ou8
                0x080018e8      0x118 C:\ST\STEdgeAI\2.0\Middlewares\ST\AI\Lib\GCC\ARMCortexM55\NetworkRuntime1000_CM55_GCC.a(lite_convert_kernel.o)
                0x080018e8                lite_convert_if32ou8
 .text.forward_lite_nl_softmax_is8os8
                0x08001a00       0x14 C:\ST\STEdgeAI\2.0\Middlewares\ST\AI\Lib\GCC\ARMCortexM55\NetworkRuntime1000_CM55_GCC.a(lite_nl_generic_integer.o)
                0x08001a00                forward_lite_nl_softmax_is8os8
 .text.forward_lite_nl_softmax_iu8ou8
                0x08001a14       0x14 C:\ST\STEdgeAI\2.0\Middlewares\ST\AI\Lib\GCC\ARMCortexM55\NetworkRuntime1000_CM55_GCC.a(lite_nl_generic_integer.o)
                0x08001a14                forward_lite_nl_softmax_iu8ou8
 .text.st_f32_to_int16
                0x08001a28      0x1a8 C:\ST\STEdgeAI\2.0\Middlewares\ST\AI\Lib\GCC\ARMCortexM55\NetworkRuntime1000_CM55_GCC.a(st_f32_to_int16.o)
                0x08001a28                st_f32_to_int16
 .text.st_f32_to_int8
                0x08001bd0      0x384 C:\ST\STEdgeAI\2.0\Middlewares\ST\AI\Lib\GCC\ARMCortexM55\NetworkRuntime1000_CM55_GCC.a(st_f32_to_int8.o)
                0x08001bd0                st_f32_to_int8
 .text.st_int16_to_f32
                0x08001f54       0x84 C:\ST\STEdgeAI\2.0\Middlewares\ST\AI\Lib\GCC\ARMCortexM55\NetworkRuntime1000_CM55_GCC.a(st_int16_to_f32.o)
                0x08001f54                st_int16_to_f32
 .text.st_int8_to_f32
                0x08001fd8       0x98 C:\ST\STEdgeAI\2.0\Middlewares\ST\AI\Lib\GCC\ARMCortexM55\NetworkRuntime1000_CM55_GCC.a(st_int8_to_f32.o)
                0x08001fd8                st_int8_to_f32
 .text._lite_kernel_nl_softmax_is8os8
                0x08002070      0xd7c C:\ST\STEdgeAI\2.0\Middlewares\ST\AI\Lib\GCC\ARMCortexM55\NetworkRuntime1000_CM55_GCC.a(lite_nl_softmax_is8os8.o)
                0x08002070                _lite_kernel_nl_softmax_is8os8
 .text._lite_kernel_nl_softmax_iu8ou8
                0x08002dec      0x9ac C:\ST\STEdgeAI\2.0\Middlewares\ST\AI\Lib\GCC\ARMCortexM55\NetworkRuntime1000_CM55_GCC.a(lite_nl_softmax_iu8ou8.o)
                0x08002dec                _lite_kernel_nl_softmax_iu8ou8
 .text.arm_softmax_u8
                0x08003798      0xd88 C:\ST\STEdgeAI\2.0\Middlewares\ST\AI\Lib\GCC\ARMCortexM55\NetworkRuntime1000_CM55_GCC.a(arm_softmax_u8.o)
                0x08003798                arm_softmax_u8
 .text.__assert_func
                0x08004520       0x3c c:/program files (x86)/arm gnu toolchain arm-none-eabi/12.3 rel1/bin/../lib/gcc/arm-none-eabi/12.3.1/thumb/v8-m.main+dp/hard\libc_nano.a(libc_a-assert.o)
                0x08004520                __assert_func
 .text.sbrk_aligned
                0x0800455c       0x44 c:/program files (x86)/arm gnu toolchain arm-none-eabi/12.3 rel1/bin/../lib/gcc/arm-none-eabi/12.3.1/thumb/v8-m.main+dp/hard\libc_nano.a(libc_a-mallocr.o)
 .text._malloc_r
                0x080045a0      0x100 c:/program files (x86)/arm gnu toolchain arm-none-eabi/12.3 rel1/bin/../lib/gcc/arm-none-eabi/12.3.1/thumb/v8-m.main+dp/hard\libc_nano.a(libc_a-mallocr.o)
                0x080045a0                _malloc_r
 .text.__malloc_lock
                0x080046a0        0xc c:/program files (x86)/arm gnu toolchain arm-none-eabi/12.3 rel1/bin/../lib/gcc/arm-none-eabi/12.3.1/thumb/v8-m.main+dp/hard\libc_nano.a(libc_a-mlock.o)
                0x080046a0                __malloc_lock
 .text.__malloc_unlock
                0x080046ac        0xc c:/program files (x86)/arm gnu toolchain arm-none-eabi/12.3 rel1/bin/../lib/gcc/arm-none-eabi/12.3.1/thumb/v8-m.main+dp/hard\libc_nano.a(libc_a-mlock.o)
                0x080046ac                __malloc_unlock
 .text.__sflush_r
                0x080046b8      0x106 c:/program files (x86)/arm gnu toolchain arm-none-eabi/12.3 rel1/bin/../lib/gcc/arm-none-eabi/12.3.1/thumb/v8-m.main+dp/hard\libc_nano.a(libc_a-fflush.o)
                0x080046b8                __sflush_r
 .text._fflush_r
                0x080047be       0x50 c:/program files (x86)/arm gnu toolchain arm-none-eabi/12.3 rel1/bin/../lib/gcc/arm-none-eabi/12.3.1/thumb/v8-m.main+dp/hard\libc_nano.a(libc_a-fflush.o)
                0x080047be                _fflush_r
 *fill*         0x0800480e        0x2 
 .text.fflush   0x08004810       0x28 c:/program files (x86)/arm gnu toolchain arm-none-eabi/12.3 rel1/bin/../lib/gcc/arm-none-eabi/12.3.1/thumb/v8-m.main+dp/hard\libc_nano.a(libc_a-fflush.o)
                0x08004810                fflush
 .text.std      0x08004838       0x6c c:/program files (x86)/arm gnu toolchain arm-none-eabi/12.3 rel1/bin/../lib/gcc/arm-none-eabi/12.3.1/thumb/v8-m.main+dp/hard\libc_nano.a(libc_a-findfp.o)
 .text.stdio_exit_handler
                0x080048a4       0x18 c:/program files (x86)/arm gnu toolchain arm-none-eabi/12.3 rel1/bin/../lib/gcc/arm-none-eabi/12.3.1/thumb/v8-m.main+dp/hard\libc_nano.a(libc_a-findfp.o)
 .text.cleanup_stdio
                0x080048bc       0x40 c:/program files (x86)/arm gnu toolchain arm-none-eabi/12.3 rel1/bin/../lib/gcc/arm-none-eabi/12.3.1/thumb/v8-m.main+dp/hard\libc_nano.a(libc_a-findfp.o)
 .text.global_stdio_init.part.0
                0x080048fc       0x3c c:/program files (x86)/arm gnu toolchain arm-none-eabi/12.3 rel1/bin/../lib/gcc/arm-none-eabi/12.3.1/thumb/v8-m.main+dp/hard\libc_nano.a(libc_a-findfp.o)
 .text.__sfp_lock_acquire
                0x08004938        0xc c:/program files (x86)/arm gnu toolchain arm-none-eabi/12.3 rel1/bin/../lib/gcc/arm-none-eabi/12.3.1/thumb/v8-m.main+dp/hard\libc_nano.a(libc_a-findfp.o)
                0x08004938                __sfp_lock_acquire
 .text.__sfp_lock_release
                0x08004944        0xc c:/program files (x86)/arm gnu toolchain arm-none-eabi/12.3 rel1/bin/../lib/gcc/arm-none-eabi/12.3.1/thumb/v8-m.main+dp/hard\libc_nano.a(libc_a-findfp.o)
                0x08004944                __sfp_lock_release
 .text.__sinit  0x08004950       0x30 c:/program files (x86)/arm gnu toolchain arm-none-eabi/12.3 rel1/bin/../lib/gcc/arm-none-eabi/12.3.1/thumb/v8-m.main+dp/hard\libc_nano.a(libc_a-findfp.o)
                0x08004950                __sinit
 .text.fprintf  0x08004980       0x24 c:/program files (x86)/arm gnu toolchain arm-none-eabi/12.3 rel1/bin/../lib/gcc/arm-none-eabi/12.3.1/thumb/v8-m.main+dp/hard\libc_nano.a(libc_a-fprintf.o)
                0x08004980                fiprintf
                0x08004980                fprintf
 .text._fwalk_sglue
                0x080049a4       0x3c c:/program files (x86)/arm gnu toolchain arm-none-eabi/12.3 rel1/bin/../lib/gcc/arm-none-eabi/12.3.1/thumb/v8-m.main+dp/hard\libc_nano.a(libc_a-fwalk.o)
                0x080049a4                _fwalk_sglue
 .text.printf   0x080049e0       0x24 c:/program files (x86)/arm gnu toolchain arm-none-eabi/12.3 rel1/bin/../lib/gcc/arm-none-eabi/12.3.1/thumb/v8-m.main+dp/hard\libc_nano.a(libc_a-printf.o)
                0x080049e0                iprintf
                0x080049e0                printf
 .text._puts_r  0x08004a04       0xaa c:/program files (x86)/arm gnu toolchain arm-none-eabi/12.3 rel1/bin/../lib/gcc/arm-none-eabi/12.3.1/thumb/v8-m.main+dp/hard\libc_nano.a(libc_a-puts.o)
                0x08004a04                _puts_r
 *fill*         0x08004aae        0x2 
 .text.puts     0x08004ab0       0x10 c:/program files (x86)/arm gnu toolchain arm-none-eabi/12.3 rel1/bin/../lib/gcc/arm-none-eabi/12.3.1/thumb/v8-m.main+dp/hard\libc_nano.a(libc_a-puts.o)
                0x08004ab0                puts
 .text.__sread  0x08004ac0       0x22 c:/program files (x86)/arm gnu toolchain arm-none-eabi/12.3 rel1/bin/../lib/gcc/arm-none-eabi/12.3.1/thumb/v8-m.main+dp/hard\libc_nano.a(libc_a-stdio.o)
                0x08004ac0                __sread
 .text.__swrite
                0x08004ae2       0x38 c:/program files (x86)/arm gnu toolchain arm-none-eabi/12.3 rel1/bin/../lib/gcc/arm-none-eabi/12.3.1/thumb/v8-m.main+dp/hard\libc_nano.a(libc_a-stdio.o)
                0x08004ae2                __swrite
 .text.__sseek  0x08004b1a       0x24 c:/program files (x86)/arm gnu toolchain arm-none-eabi/12.3 rel1/bin/../lib/gcc/arm-none-eabi/12.3.1/thumb/v8-m.main+dp/hard\libc_nano.a(libc_a-stdio.o)
                0x08004b1a                __sseek
 .text.__sclose
                0x08004b3e        0x8 c:/program files (x86)/arm gnu toolchain arm-none-eabi/12.3 rel1/bin/../lib/gcc/arm-none-eabi/12.3.1/thumb/v8-m.main+dp/hard\libc_nano.a(libc_a-stdio.o)
                0x08004b3e                __sclose
 .text.__swbuf_r
                0x08004b46       0x7c c:/program files (x86)/arm gnu toolchain arm-none-eabi/12.3 rel1/bin/../lib/gcc/arm-none-eabi/12.3.1/thumb/v8-m.main+dp/hard\libc_nano.a(libc_a-wbuf.o)
                0x08004b46                __swbuf_r
 *fill*         0x08004bc2        0x2 
 .text.__swsetup_r
                0x08004bc4       0xac c:/program files (x86)/arm gnu toolchain arm-none-eabi/12.3 rel1/bin/../lib/gcc/arm-none-eabi/12.3.1/thumb/v8-m.main+dp/hard\libc_nano.a(libc_a-wsetup.o)
                0x08004bc4                __swsetup_r
 .text.memset   0x08004c70       0x10 c:/program files (x86)/arm gnu toolchain arm-none-eabi/12.3 rel1/bin/../lib/gcc/arm-none-eabi/12.3.1/thumb/v8-m.main+dp/hard\libc_nano.a(libc_a-memset.o)
                0x08004c70                memset
 .text._strerror_r
                0x08004c80      0x3cc c:/program files (x86)/arm gnu toolchain arm-none-eabi/12.3 rel1/bin/../lib/gcc/arm-none-eabi/12.3.1/thumb/v8-m.main+dp/hard\libc_nano.a(libc_a-strerror.o)
                0x08004c80                _strerror_r
 .text.strerror
                0x0800504c       0x14 c:/program files (x86)/arm gnu toolchain arm-none-eabi/12.3 rel1/bin/../lib/gcc/arm-none-eabi/12.3.1/thumb/v8-m.main+dp/hard\libc_nano.a(libc_a-strerror.o)
                0x0800504c                strerror
 .text._user_strerror
                0x08005060        0x4 c:/program files (x86)/arm gnu toolchain arm-none-eabi/12.3 rel1/bin/../lib/gcc/arm-none-eabi/12.3.1/thumb/v8-m.main+dp/hard\libc_nano.a(libc_a-u_strerr.o)
                0x08005060                _user_strerror
 .text._close_r
                0x08005064       0x20 c:/program files (x86)/arm gnu toolchain arm-none-eabi/12.3 rel1/bin/../lib/gcc/arm-none-eabi/12.3.1/thumb/v8-m.main+dp/hard\libc_nano.a(libc_a-closer.o)
                0x08005064                _close_r
 .text._lseek_r
                0x08005084       0x24 c:/program files (x86)/arm gnu toolchain arm-none-eabi/12.3 rel1/bin/../lib/gcc/arm-none-eabi/12.3.1/thumb/v8-m.main+dp/hard\libc_nano.a(libc_a-lseekr.o)
                0x08005084                _lseek_r
 .text._read_r  0x080050a8       0x24 c:/program files (x86)/arm gnu toolchain arm-none-eabi/12.3 rel1/bin/../lib/gcc/arm-none-eabi/12.3.1/thumb/v8-m.main+dp/hard\libc_nano.a(libc_a-readr.o)
                0x080050a8                _read_r
 .text._sbrk_r  0x080050cc       0x20 c:/program files (x86)/arm gnu toolchain arm-none-eabi/12.3 rel1/bin/../lib/gcc/arm-none-eabi/12.3.1/thumb/v8-m.main+dp/hard\libc_nano.a(libc_a-sbrkr.o)
                0x080050cc                _sbrk_r
 .text._write_r
                0x080050ec       0x24 c:/program files (x86)/arm gnu toolchain arm-none-eabi/12.3 rel1/bin/../lib/gcc/arm-none-eabi/12.3.1/thumb/v8-m.main+dp/hard\libc_nano.a(libc_a-writer.o)
                0x080050ec                _write_r
 .text.__errno  0x08005110        0xc c:/program files (x86)/arm gnu toolchain arm-none-eabi/12.3 rel1/bin/../lib/gcc/arm-none-eabi/12.3.1/thumb/v8-m.main+dp/hard\libc_nano.a(libc_a-errno.o)
                0x08005110                __errno
 .text.__libc_init_array
                0x0800511c       0x48 c:/program files (x86)/arm gnu toolchain arm-none-eabi/12.3 rel1/bin/../lib/gcc/arm-none-eabi/12.3.1/thumb/v8-m.main+dp/hard\libc_nano.a(libc_a-init.o)
                0x0800511c                __libc_init_array
 .text.__retarget_lock_init_recursive
                0x08005164        0x2 c:/program files (x86)/arm gnu toolchain arm-none-eabi/12.3 rel1/bin/../lib/gcc/arm-none-eabi/12.3.1/thumb/v8-m.main+dp/hard\libc_nano.a(libc_a-lock.o)
                0x08005164                __retarget_lock_init_recursive
 .text.__retarget_lock_acquire_recursive
                0x08005166        0x2 c:/program files (x86)/arm gnu toolchain arm-none-eabi/12.3 rel1/bin/../lib/gcc/arm-none-eabi/12.3.1/thumb/v8-m.main+dp/hard\libc_nano.a(libc_a-lock.o)
                0x08005166                __retarget_lock_acquire_recursive
 .text.__retarget_lock_release_recursive
                0x08005168        0x2 c:/program files (x86)/arm gnu toolchain arm-none-eabi/12.3 rel1/bin/../lib/gcc/arm-none-eabi/12.3.1/thumb/v8-m.main+dp/hard\libc_nano.a(libc_a-lock.o)
                0x08005168                __retarget_lock_release_recursive
 .text.abort    0x0800516a        0xe c:/program files (x86)/arm gnu toolchain arm-none-eabi/12.3 rel1/bin/../lib/gcc/arm-none-eabi/12.3.1/thumb/v8-m.main+dp/hard\libc_nano.a(libc_a-abort.o)
                0x0800516a                abort
 .text._free_r  0x08005178       0x94 c:/program files (x86)/arm gnu toolchain arm-none-eabi/12.3 rel1/bin/../lib/gcc/arm-none-eabi/12.3.1/thumb/v8-m.main+dp/hard\libc_nano.a(libc_a-freer.o)
                0x08005178                _free_r
 .text.__sfputc_r
                0x0800520c       0x2e c:/program files (x86)/arm gnu toolchain arm-none-eabi/12.3 rel1/bin/../lib/gcc/arm-none-eabi/12.3.1/thumb/v8-m.main+dp/hard\libc_nano.a(libc_a-nano-vfprintf.o)
 .text.__sfputs_r
                0x0800523a       0x24 c:/program files (x86)/arm gnu toolchain arm-none-eabi/12.3 rel1/bin/../lib/gcc/arm-none-eabi/12.3.1/thumb/v8-m.main+dp/hard\libc_nano.a(libc_a-nano-vfprintf.o)
                0x0800523a                __sfputs_r
 *fill*         0x0800525e        0x2 
 .text._vfprintf_r
                0x08005260      0x230 c:/program files (x86)/arm gnu toolchain arm-none-eabi/12.3 rel1/bin/../lib/gcc/arm-none-eabi/12.3.1/thumb/v8-m.main+dp/hard\libc_nano.a(libc_a-nano-vfprintf.o)
                0x08005260                _vfprintf_r
                0x08005260                _vfiprintf_r
 .text._printf_common
                0x08005490       0xe4 c:/program files (x86)/arm gnu toolchain arm-none-eabi/12.3 rel1/bin/../lib/gcc/arm-none-eabi/12.3.1/thumb/v8-m.main+dp/hard\libc_nano.a(libc_a-nano-vfprintf_i.o)
                0x08005490                _printf_common
 .text._printf_i
                0x08005574      0x258 c:/program files (x86)/arm gnu toolchain arm-none-eabi/12.3 rel1/bin/../lib/gcc/arm-none-eabi/12.3.1/thumb/v8-m.main+dp/hard\libc_nano.a(libc_a-nano-vfprintf_i.o)
                0x08005574                _printf_i
 .text.__swhatbuf_r
                0x080057cc       0x4a c:/program files (x86)/arm gnu toolchain arm-none-eabi/12.3 rel1/bin/../lib/gcc/arm-none-eabi/12.3.1/thumb/v8-m.main+dp/hard\libc_nano.a(libc_a-makebuf.o)
                0x080057cc                __swhatbuf_r
 .text.__smakebuf_r
                0x08005816       0x78 c:/program files (x86)/arm gnu toolchain arm-none-eabi/12.3 rel1/bin/../lib/gcc/arm-none-eabi/12.3.1/thumb/v8-m.main+dp/hard\libc_nano.a(libc_a-makebuf.o)
                0x08005816                __smakebuf_r
 .text._raise_r
                0x0800588e       0x50 c:/program files (x86)/arm gnu toolchain arm-none-eabi/12.3 rel1/bin/../lib/gcc/arm-none-eabi/12.3.1/thumb/v8-m.main+dp/hard\libc_nano.a(libc_a-signal.o)
                0x0800588e                _raise_r
 *fill*         0x080058de        0x2 
 .text.raise    0x080058e0       0x10 c:/program files (x86)/arm gnu toolchain arm-none-eabi/12.3 rel1/bin/../lib/gcc/arm-none-eabi/12.3.1/thumb/v8-m.main+dp/hard\libc_nano.a(libc_a-signal.o)
                0x080058e0                raise
 .text._fstat_r
                0x080058f0       0x24 c:/program files (x86)/arm gnu toolchain arm-none-eabi/12.3 rel1/bin/../lib/gcc/arm-none-eabi/12.3.1/thumb/v8-m.main+dp/hard\libc_nano.a(libc_a-fstatr.o)
                0x080058f0                _fstat_r
 .text._isatty_r
                0x08005914       0x20 c:/program files (x86)/arm gnu toolchain arm-none-eabi/12.3 rel1/bin/../lib/gcc/arm-none-eabi/12.3.1/thumb/v8-m.main+dp/hard\libc_nano.a(libc_a-isattyr.o)
                0x08005914                _isatty_r
 .text._kill_r  0x08005934       0x24 c:/program files (x86)/arm gnu toolchain arm-none-eabi/12.3 rel1/bin/../lib/gcc/arm-none-eabi/12.3.1/thumb/v8-m.main+dp/hard\libc_nano.a(libc_a-signalr.o)
                0x08005934                _kill_r
 .text._getpid_r
                0x08005958        0x4 c:/program files (x86)/arm gnu toolchain arm-none-eabi/12.3 rel1/bin/../lib/gcc/arm-none-eabi/12.3.1/thumb/v8-m.main+dp/hard\libc_nano.a(libc_a-signalr.o)
                0x08005958                _getpid_r
 .text.memchr   0x0800595c       0x1c c:/program files (x86)/arm gnu toolchain arm-none-eabi/12.3 rel1/bin/../lib/gcc/arm-none-eabi/12.3.1/thumb/v8-m.main+dp/hard\libc_nano.a(libc_a-memchr-stub.o)
                0x0800595c                memchr
 .text.powf     0x08005978      0x330 c:/program files (x86)/arm gnu toolchain arm-none-eabi/12.3 rel1/bin/../lib/gcc/arm-none-eabi/12.3.1/thumb/v8-m.main+dp/hard\libm.a(libm_a-sf_pow.o)
                0x08005978                powf
 .text.with_errnof
                0x08005ca8       0x1c c:/program files (x86)/arm gnu toolchain arm-none-eabi/12.3 rel1/bin/../lib/gcc/arm-none-eabi/12.3.1/thumb/v8-m.main+dp/hard\libm.a(libm_a-math_errf.o)
 .text.xflowf   0x08005cc4       0x20 c:/program files (x86)/arm gnu toolchain arm-none-eabi/12.3 rel1/bin/../lib/gcc/arm-none-eabi/12.3.1/thumb/v8-m.main+dp/hard\libm.a(libm_a-math_errf.o)
 .text.__math_uflowf
                0x08005ce4        0xc c:/program files (x86)/arm gnu toolchain arm-none-eabi/12.3 rel1/bin/../lib/gcc/arm-none-eabi/12.3.1/thumb/v8-m.main+dp/hard\libm.a(libm_a-math_errf.o)
                0x08005ce4                __math_uflowf
 .text.__math_may_uflowf
                0x08005cf0        0xc c:/program files (x86)/arm gnu toolchain arm-none-eabi/12.3 rel1/bin/../lib/gcc/arm-none-eabi/12.3.1/thumb/v8-m.main+dp/hard\libm.a(libm_a-math_errf.o)
                0x08005cf0                __math_may_uflowf
 .text.__math_oflowf
                0x08005cfc        0xc c:/program files (x86)/arm gnu toolchain arm-none-eabi/12.3 rel1/bin/../lib/gcc/arm-none-eabi/12.3.1/thumb/v8-m.main+dp/hard\libm.a(libm_a-math_errf.o)
                0x08005cfc                __math_oflowf
 .text.__math_divzerof
                0x08005d08       0x24 c:/program files (x86)/arm gnu toolchain arm-none-eabi/12.3 rel1/bin/../lib/gcc/arm-none-eabi/12.3.1/thumb/v8-m.main+dp/hard\libm.a(libm_a-math_errf.o)
                0x08005d08                __math_divzerof
 .text.__math_invalidf
                0x08005d2c       0x20 c:/program files (x86)/arm gnu toolchain arm-none-eabi/12.3 rel1/bin/../lib/gcc/arm-none-eabi/12.3.1/thumb/v8-m.main+dp/hard\libm.a(libm_a-math_errf.o)
                0x08005d2c                __math_invalidf
 *(.glue_7)
 .glue_7        0x08005d4c        0x0 linker stubs
 *(.glue_7t)
 .glue_7t       0x08005d4c        0x0 linker stubs
 *(.eh_frame)
 .eh_frame      0x08005d4c        0x0 c:/program files (x86)/arm gnu toolchain arm-none-eabi/12.3 rel1/bin/../lib/gcc/arm-none-eabi/12.3.1/thumb/v8-m.main+dp/hard/crtbegin.o
 *(.init)
 .init          0x08005d4c        0x4 c:/program files (x86)/arm gnu toolchain arm-none-eabi/12.3 rel1/bin/../lib/gcc/arm-none-eabi/12.3.1/thumb/v8-m.main+dp/hard/crti.o
                0x08005d4c                _init
 .init          0x08005d50        0x8 c:/program files (x86)/arm gnu toolchain arm-none-eabi/12.3 rel1/bin/../lib/gcc/arm-none-eabi/12.3.1/thumb/v8-m.main+dp/hard/crtn.o
 *(.fini)
 .fini          0x08005d58        0x4 c:/program files (x86)/arm gnu toolchain arm-none-eabi/12.3 rel1/bin/../lib/gcc/arm-none-eabi/12.3.1/thumb/v8-m.main+dp/hard/crti.o
                0x08005d58                _fini
 .fini          0x08005d5c        0x8 c:/program files (x86)/arm gnu toolchain arm-none-eabi/12.3 rel1/bin/../lib/gcc/arm-none-eabi/12.3.1/thumb/v8-m.main+dp/hard/crtn.o
                0x08005d64                        . = ALIGN (0x4)
                0x08005d64                        _etext = .

.vfp11_veneer   0x08005d64        0x0
 .vfp11_veneer  0x08005d64        0x0 linker stubs

.v4_bx          0x08005d64        0x0
 .v4_bx         0x08005d64        0x0 linker stubs

.iplt           0x08005d64        0x0
 .iplt          0x08005d64        0x0 c:/program files (x86)/arm gnu toolchain arm-none-eabi/12.3 rel1/bin/../lib/gcc/arm-none-eabi/12.3.1/thumb/v8-m.main+dp/hard/crtbegin.o

.rodata         0x08005d68    0x374b8
                0x08005d68                        . = ALIGN (0x4)
 *(.rodata)
 *(.rodata*)
 .rodata.LL_ATON_Init.str1.1
                0x08005d68       0xfb ll_aton.o
                                 0xfd (size before relaxing)
 .rodata.LL_Streng_Wait.str1.1
                0x08005e63       0x15 ll_aton.o
 .rodata.__func__.0
                0x08005e78       0x12 ll_aton.o
 .rodata.__func__.7
                0x08005e8a        0xf ll_aton.o
 .rodata.__func__.10
                0x08005e99        0xd ll_aton.o
 .rodata.LL_ATON_RT_Main.str1.1
                0x08005ea6       0x8c ll_aton_rt_main.o
 .rodata.__func__.0
                0x08005f32       0x10 ll_aton_rt_main.o
 .rodata.__ll_clear_aton_owner.str1.1
                0x08005f42       0x8b ll_aton_runtime.o
 .rodata.__LL_ATON_RT_SetWaitMask.part.0.str1.1
                0x08005fcd       0x2a ll_aton_runtime.o
 .rodata.EpochBlock_EpochControllerUnit.str1.1
                0x08005ff7       0x63 ll_aton_runtime.o
 .rodata.LL_ATON_RT_SetEpochCallback.str1.1
                0x0800605a       0x5e ll_aton_runtime.o
 .rodata.LL_ATON_RT_Init_Network.str1.1
                0x080060b8       0x3e ll_aton_runtime.o
 .rodata.LL_ATON_RT_RunEpochBlock.str1.1
                0x080060f6      0x401 ll_aton_runtime.o
                                0x403 (size before relaxing)
 .rodata.__func__.1
                0x080064f7       0x25 ll_aton_runtime.o
 .rodata.__func__.2
                0x0800651c       0x1f ll_aton_runtime.o
 .rodata.__func__.4
                0x0800653b       0x1f ll_aton_runtime.o
 .rodata.__func__.5
                0x0800655a       0x19 ll_aton_runtime.o
 .rodata.__func__.6
                0x08006573       0x14 ll_aton_runtime.o
 .rodata.__func__.8
                0x08006587       0x21 ll_aton_runtime.o
 .rodata.__func__.9
                0x080065a8       0x27 ll_aton_runtime.o
 .rodata.__func__.10
                0x080065cf       0x19 ll_aton_runtime.o
 .rodata.__func__.11
                0x080065e8       0x16 ll_aton_runtime.o
 .rodata.__func__.12
                0x080065fe       0x18 ll_aton_runtime.o
 .rodata.CSWTCH.61
                0x08006616        0x4 ll_sw_integer.o
 *fill*         0x0800661a        0x2 
 .rodata.buff_info__shape_1_3_128_128.0
                0x0800661c       0x10 mobilenet_v2.o
 .rodata.buff_info__mem_shape_L_1_3_128_128.1
                0x0800662c       0x10 mobilenet_v2.o
 .rodata.buff_info_Transpose_1_out_0_quant_scale.2
                0x0800663c        0x4 mobilenet_v2.o
 .rodata.buff_info_Transpose_1_out_0_quant_offset.3
                0x08006640        0x2 mobilenet_v2.o
 *fill*         0x08006642        0x2 
 .rodata.buff_info_Quantize_5_out_0_quant_scale.4
                0x08006644        0x4 mobilenet_v2.o
 .rodata.buff_info_Quantize_5_out_0_quant_offset.5
                0x08006648        0x2 mobilenet_v2.o
 *fill*         0x0800664a        0x2 
 .rodata.buff_info__shape_1_16_64_64.6
                0x0800664c       0x10 mobilenet_v2.o
 .rodata.buff_info__mem_shape_L_1_16_64_64.7
                0x0800665c       0x10 mobilenet_v2.o
 .rodata.buff_info_Conv2D_12_zero_off_out_16_quant_scale.8
                0x0800666c        0x4 mobilenet_v2.o
 .rodata.buff_info_Conv2D_12_zero_off_out_16_quant_offset.9
                0x08006670        0x2 mobilenet_v2.o
 *fill*         0x08006672        0x2 
 .rodata.buff_info_Conv2D_16_zero_off_out_25_quant_scale.10
                0x08006674        0x4 mobilenet_v2.o
 .rodata.buff_info_Conv2D_16_zero_off_out_25_quant_offset.11
                0x08006678        0x2 mobilenet_v2.o
 *fill*         0x0800667a        0x2 
 .rodata.buff_info__shape_1_8_64_64.12
                0x0800667c       0x10 mobilenet_v2.o
 .rodata.buff_info__mem_shape_L_1_8_64_64.13
                0x0800668c       0x10 mobilenet_v2.o
 .rodata.buff_info_Conv2D_16_off_bias_out_31_quant_scale.14
                0x0800669c        0x4 mobilenet_v2.o
 .rodata.buff_info_Conv2D_16_off_bias_out_31_quant_offset.15
                0x080066a0        0x2 mobilenet_v2.o
 *fill*         0x080066a2        0x2 
 .rodata.buff_info__shape_1_48_64_64.16
                0x080066a4       0x10 mobilenet_v2.o
 .rodata.buff_info__mem_shape_L_1_48_64_64.17
                0x080066b4       0x10 mobilenet_v2.o
 .rodata.buff_info_Conv2D_24_zero_off_out_43_quant_scale.18
                0x080066c4        0x4 mobilenet_v2.o
 .rodata.buff_info_Conv2D_24_zero_off_out_43_quant_offset.19
                0x080066c8        0x2 mobilenet_v2.o
 *fill*         0x080066ca        0x2 
 .rodata.buff_info__shape_1_48_32_32.20
                0x080066cc       0x10 mobilenet_v2.o
 .rodata.buff_info__mem_shape_L_1_48_32_32.21
                0x080066dc       0x10 mobilenet_v2.o
 .rodata.buff_info_Conv2D_28_zero_off_out_52_quant_scale.22
                0x080066ec        0x4 mobilenet_v2.o
 .rodata.buff_info_Conv2D_28_zero_off_out_52_quant_offset.23
                0x080066f0        0x2 mobilenet_v2.o
 *fill*         0x080066f2        0x2 
 .rodata.buff_info__shape_1_8_32_32.24
                0x080066f4       0x10 mobilenet_v2.o
 .rodata.buff_info__mem_shape_L_1_8_32_32.25
                0x08006704       0x10 mobilenet_v2.o
 .rodata.buff_info_Conv2D_28_off_bias_out_58_quant_scale.26
                0x08006714        0x4 mobilenet_v2.o
 .rodata.buff_info_Conv2D_28_off_bias_out_58_quant_offset.27
                0x08006718        0x2 mobilenet_v2.o
 *fill*         0x0800671a        0x2 
 .rodata.buff_info_Conv2D_36_zero_off_out_70_quant_scale.28
                0x0800671c        0x4 mobilenet_v2.o
 .rodata.buff_info_Conv2D_36_zero_off_out_70_quant_offset.29
                0x08006720        0x2 mobilenet_v2.o
 *fill*         0x08006722        0x2 
 .rodata.buff_info_Conv2D_40_zero_off_out_79_quant_scale.30
                0x08006724        0x4 mobilenet_v2.o
 .rodata.buff_info_Conv2D_40_zero_off_out_79_quant_offset.31
                0x08006728        0x2 mobilenet_v2.o
 *fill*         0x0800672a        0x2 
 .rodata.buff_info_Add_43_out_0_quant_scale.32
                0x0800672c        0x4 mobilenet_v2.o
 .rodata.buff_info_Add_43_out_0_quant_offset.33
                0x08006730        0x2 mobilenet_v2.o
 *fill*         0x08006732        0x2 
 .rodata.buff_info_Conv2D_51_zero_off_out_97_quant_scale.34
                0x08006734        0x4 mobilenet_v2.o
 .rodata.buff_info_Conv2D_51_zero_off_out_97_quant_offset.35
                0x08006738        0x2 mobilenet_v2.o
 *fill*         0x0800673a        0x2 
 .rodata.buff_info__shape_1_48_16_16.36
                0x0800673c       0x10 mobilenet_v2.o
 .rodata.buff_info__mem_shape_L_1_48_16_16.37
                0x0800674c       0x10 mobilenet_v2.o
 .rodata.buff_info_Conv2D_55_zero_off_out_106_quant_scale.38
                0x0800675c        0x4 mobilenet_v2.o
 .rodata.buff_info_Conv2D_55_zero_off_out_106_quant_offset.39
                0x08006760        0x2 mobilenet_v2.o
 *fill*         0x08006762        0x2 
 .rodata.buff_info__shape_1_16_16_16.40
                0x08006764       0x10 mobilenet_v2.o
 .rodata.buff_info__mem_shape_L_1_16_16_16.41
                0x08006774       0x10 mobilenet_v2.o
 .rodata.buff_info_Conv2D_55_off_bias_out_112_quant_scale.42
                0x08006784        0x4 mobilenet_v2.o
 .rodata.buff_info_Conv2D_55_off_bias_out_112_quant_offset.43
                0x08006788        0x2 mobilenet_v2.o
 *fill*         0x0800678a        0x2 
 .rodata.buff_info__shape_1_96_16_16.44
                0x0800678c       0x10 mobilenet_v2.o
 .rodata.buff_info__mem_shape_L_1_96_16_16.45
                0x0800679c       0x10 mobilenet_v2.o
 .rodata.buff_info_Conv2D_63_zero_off_out_124_quant_scale.46
                0x080067ac        0x4 mobilenet_v2.o
 .rodata.buff_info_Conv2D_63_zero_off_out_124_quant_offset.47
                0x080067b0        0x2 mobilenet_v2.o
 *fill*         0x080067b2        0x2 
 .rodata.buff_info_Conv2D_67_zero_off_out_133_quant_scale.48
                0x080067b4        0x4 mobilenet_v2.o
 .rodata.buff_info_Conv2D_67_zero_off_out_133_quant_offset.49
                0x080067b8        0x2 mobilenet_v2.o
 *fill*         0x080067ba        0x2 
 .rodata.buff_info_Add_70_out_0_quant_scale.50
                0x080067bc        0x4 mobilenet_v2.o
 .rodata.buff_info_Add_70_out_0_quant_offset.51
                0x080067c0        0x2 mobilenet_v2.o
 *fill*         0x080067c2        0x2 
 .rodata.buff_info_Conv2D_78_zero_off_out_151_quant_scale.52
                0x080067c4        0x4 mobilenet_v2.o
 .rodata.buff_info_Conv2D_78_zero_off_out_151_quant_offset.53
                0x080067c8        0x2 mobilenet_v2.o
 *fill*         0x080067ca        0x2 
 .rodata.buff_info_Conv2D_82_zero_off_out_160_quant_scale.54
                0x080067cc        0x4 mobilenet_v2.o
 .rodata.buff_info_Conv2D_82_zero_off_out_160_quant_offset.55
                0x080067d0        0x2 mobilenet_v2.o
 *fill*         0x080067d2        0x2 
 .rodata.buff_info_Add_85_out_0_quant_scale.56
                0x080067d4        0x4 mobilenet_v2.o
 .rodata.buff_info_Add_85_out_0_quant_offset.57
                0x080067d8        0x2 mobilenet_v2.o
 *fill*         0x080067da        0x2 
 .rodata.buff_info_Conv2D_93_zero_off_out_178_quant_scale.58
                0x080067dc        0x4 mobilenet_v2.o
 .rodata.buff_info_Conv2D_93_zero_off_out_178_quant_offset.59
                0x080067e0        0x2 mobilenet_v2.o
 *fill*         0x080067e2        0x2 
 .rodata.buff_info__shape_1_96_8_8.60
                0x080067e4       0x10 mobilenet_v2.o
 .rodata.buff_info__mem_shape_L_1_96_8_8.61
                0x080067f4       0x10 mobilenet_v2.o
 .rodata.buff_info_Conv2D_97_zero_off_out_187_quant_scale.62
                0x08006804        0x4 mobilenet_v2.o
 .rodata.buff_info_Conv2D_97_zero_off_out_187_quant_offset.63
                0x08006808        0x2 mobilenet_v2.o
 *fill*         0x0800680a        0x2 
 .rodata.buff_info__shape_1_24_8_8.64
                0x0800680c       0x10 mobilenet_v2.o
 .rodata.buff_info__mem_shape_L_1_24_8_8.65
                0x0800681c       0x10 mobilenet_v2.o
 .rodata.buff_info_Conv2D_97_off_bias_out_193_quant_scale.66
                0x0800682c        0x4 mobilenet_v2.o
 .rodata.buff_info_Conv2D_97_off_bias_out_193_quant_offset.67
                0x08006830        0x2 mobilenet_v2.o
 *fill*         0x08006832        0x2 
 .rodata.buff_info__shape_1_144_8_8.68
                0x08006834       0x10 mobilenet_v2.o
 .rodata.buff_info__mem_shape_L_1_144_8_8.69
                0x08006844       0x10 mobilenet_v2.o
 .rodata.buff_info_Conv2D_105_zero_off_out_205_quant_scale.70
                0x08006854        0x4 mobilenet_v2.o
 .rodata.buff_info_Conv2D_105_zero_off_out_205_quant_offset.71
                0x08006858        0x2 mobilenet_v2.o
 *fill*         0x0800685a        0x2 
 .rodata.buff_info_Conv2D_109_zero_off_out_214_quant_scale.72
                0x0800685c        0x4 mobilenet_v2.o
 .rodata.buff_info_Conv2D_109_zero_off_out_214_quant_offset.73
                0x08006860        0x2 mobilenet_v2.o
 *fill*         0x08006862        0x2 
 .rodata.buff_info_Add_112_out_0_quant_scale.74
                0x08006864        0x4 mobilenet_v2.o
 .rodata.buff_info_Add_112_out_0_quant_offset.75
                0x08006868        0x2 mobilenet_v2.o
 *fill*         0x0800686a        0x2 
 .rodata.buff_info_Conv2D_120_zero_off_out_232_quant_scale.76
                0x0800686c        0x4 mobilenet_v2.o
 .rodata.buff_info_Conv2D_120_zero_off_out_232_quant_offset.77
                0x08006870        0x2 mobilenet_v2.o
 *fill*         0x08006872        0x2 
 .rodata.buff_info_Conv2D_124_zero_off_out_241_quant_scale.78
                0x08006874        0x4 mobilenet_v2.o
 .rodata.buff_info_Conv2D_124_zero_off_out_241_quant_offset.79
                0x08006878        0x2 mobilenet_v2.o
 *fill*         0x0800687a        0x2 
 .rodata.buff_info_Add_127_out_0_quant_scale.80
                0x0800687c        0x4 mobilenet_v2.o
 .rodata.buff_info_Add_127_out_0_quant_offset.81
                0x08006880        0x2 mobilenet_v2.o
 *fill*         0x08006882        0x2 
 .rodata.buff_info_Conv2D_135_zero_off_out_259_quant_scale.82
                0x08006884        0x4 mobilenet_v2.o
 .rodata.buff_info_Conv2D_135_zero_off_out_259_quant_offset.83
                0x08006888        0x2 mobilenet_v2.o
 *fill*         0x0800688a        0x2 
 .rodata.buff_info_Conv2D_139_zero_off_out_268_quant_scale.84
                0x0800688c        0x4 mobilenet_v2.o
 .rodata.buff_info_Conv2D_139_zero_off_out_268_quant_offset.85
                0x08006890        0x2 mobilenet_v2.o
 *fill*         0x08006892        0x2 
 .rodata.buff_info_Add_142_out_0_quant_scale.86
                0x08006894        0x4 mobilenet_v2.o
 .rodata.buff_info_Add_142_out_0_quant_offset.87
                0x08006898        0x2 mobilenet_v2.o
 *fill*         0x0800689a        0x2 
 .rodata.buff_info_Conv2D_150_zero_off_out_286_quant_scale.88
                0x0800689c        0x4 mobilenet_v2.o
 .rodata.buff_info_Conv2D_150_zero_off_out_286_quant_offset.89
                0x080068a0        0x2 mobilenet_v2.o
 *fill*         0x080068a2        0x2 
 .rodata.buff_info_Conv2D_154_zero_off_out_295_quant_scale.90
                0x080068a4        0x4 mobilenet_v2.o
 .rodata.buff_info_Conv2D_154_zero_off_out_295_quant_offset.91
                0x080068a8        0x2 mobilenet_v2.o
 *fill*         0x080068aa        0x2 
 .rodata.buff_info__shape_1_32_8_8.92
                0x080068ac       0x10 mobilenet_v2.o
 .rodata.buff_info__mem_shape_M_1_32_8_8.93
                0x080068bc       0x14 mobilenet_v2.o
 .rodata.buff_info_Conv2D_154_off_bias_out_301_quant_scale.94
                0x080068d0        0x4 mobilenet_v2.o
 .rodata.buff_info_Conv2D_154_off_bias_out_301_quant_offset.95
                0x080068d4        0x2 mobilenet_v2.o
 *fill*         0x080068d6        0x2 
 .rodata.buff_info__shape_1_192_8_8.96
                0x080068d8       0x10 mobilenet_v2.o
 .rodata.buff_info__mem_shape_L_1_192_8_8.97
                0x080068e8       0x10 mobilenet_v2.o
 .rodata.buff_info_Conv2D_162_zero_off_out_313_quant_scale.98
                0x080068f8        0x4 mobilenet_v2.o
 .rodata.buff_info_Conv2D_162_zero_off_out_313_quant_offset.99
                0x080068fc        0x2 mobilenet_v2.o
 *fill*         0x080068fe        0x2 
 .rodata.buff_info_Conv2D_166_zero_off_out_322_quant_scale.100
                0x08006900        0x4 mobilenet_v2.o
 .rodata.buff_info_Conv2D_166_zero_off_out_322_quant_offset.101
                0x08006904        0x2 mobilenet_v2.o
 *fill*         0x08006906        0x2 
 .rodata.buff_info_Add_169_out_0_quant_scale.102
                0x08006908        0x4 mobilenet_v2.o
 .rodata.buff_info_Add_169_out_0_quant_offset.103
                0x0800690c        0x2 mobilenet_v2.o
 *fill*         0x0800690e        0x2 
 .rodata.buff_info_Conv2D_177_zero_off_out_340_quant_scale.104
                0x08006910        0x4 mobilenet_v2.o
 .rodata.buff_info_Conv2D_177_zero_off_out_340_quant_offset.105
                0x08006914        0x2 mobilenet_v2.o
 *fill*         0x08006916        0x2 
 .rodata.buff_info_Conv2D_181_zero_off_out_349_quant_scale.106
                0x08006918        0x4 mobilenet_v2.o
 .rodata.buff_info_Conv2D_181_zero_off_out_349_quant_offset.107
                0x0800691c        0x2 mobilenet_v2.o
 *fill*         0x0800691e        0x2 
 .rodata.buff_info_Add_184_out_0_quant_scale.108
                0x08006920        0x4 mobilenet_v2.o
 .rodata.buff_info_Add_184_out_0_quant_offset.109
                0x08006924        0x2 mobilenet_v2.o
 *fill*         0x08006926        0x2 
 .rodata.buff_info_Conv2D_192_zero_off_out_367_quant_scale.110
                0x08006928        0x4 mobilenet_v2.o
 .rodata.buff_info_Conv2D_192_zero_off_out_367_quant_offset.111
                0x0800692c        0x2 mobilenet_v2.o
 *fill*         0x0800692e        0x2 
 .rodata.buff_info__shape_1_192_4_4.112
                0x08006930       0x10 mobilenet_v2.o
 .rodata.buff_info__mem_shape_L_1_192_4_4.113
                0x08006940       0x10 mobilenet_v2.o
 .rodata.buff_info_Conv2D_196_zero_off_out_376_quant_scale.114
                0x08006950        0x4 mobilenet_v2.o
 .rodata.buff_info_Conv2D_196_zero_off_out_376_quant_offset.115
                0x08006954        0x2 mobilenet_v2.o
 *fill*         0x08006956        0x2 
 .rodata.buff_info__shape_1_56_4_4.116
                0x08006958       0x10 mobilenet_v2.o
 .rodata.buff_info__mem_shape_M_1_56_4_4.117
                0x08006968       0x14 mobilenet_v2.o
 .rodata.buff_info_Conv2D_196_off_bias_out_382_quant_scale.118
                0x0800697c        0x4 mobilenet_v2.o
 .rodata.buff_info_Conv2D_196_off_bias_out_382_quant_offset.119
                0x08006980        0x2 mobilenet_v2.o
 *fill*         0x08006982        0x2 
 .rodata.buff_info__shape_1_336_4_4.120
                0x08006984       0x10 mobilenet_v2.o
 .rodata.buff_info__mem_shape_M_1_336_4_4.121
                0x08006994       0x14 mobilenet_v2.o
 .rodata.buff_info__mem_shape_L_1_336_4_4.122
                0x080069a8       0x10 mobilenet_v2.o
 .rodata.buff_info_Conv2D_204_zero_off_out_394_quant_scale.123
                0x080069b8        0x4 mobilenet_v2.o
 .rodata.buff_info_Conv2D_204_zero_off_out_394_quant_offset.124
                0x080069bc        0x2 mobilenet_v2.o
 *fill*         0x080069be        0x2 
 .rodata.buff_info_Conv2D_204_zero_off_out_394_cp_in_16_quant_scale.125
                0x080069c0        0x4 mobilenet_v2.o
 .rodata.buff_info_Conv2D_204_zero_off_out_394_cp_in_16_quant_offset.126
                0x080069c4        0x2 mobilenet_v2.o
 *fill*         0x080069c6        0x2 
 .rodata.buff_info_Conv2D_208_zero_off_out_403_quant_scale.127
                0x080069c8        0x4 mobilenet_v2.o
 .rodata.buff_info_Conv2D_208_zero_off_out_403_quant_offset.128
                0x080069cc        0x2 mobilenet_v2.o
 *fill*         0x080069ce        0x2 
 .rodata.buff_info_Add_211_out_0_quant_scale.129
                0x080069d0        0x4 mobilenet_v2.o
 .rodata.buff_info_Add_211_out_0_quant_offset.130
                0x080069d4        0x2 mobilenet_v2.o
 *fill*         0x080069d6        0x2 
 .rodata.buff_info_Conv2D_219_zero_off_out_421_quant_scale.131
                0x080069d8        0x4 mobilenet_v2.o
 .rodata.buff_info_Conv2D_219_zero_off_out_421_quant_offset.132
                0x080069dc        0x2 mobilenet_v2.o
 *fill*         0x080069de        0x2 
 .rodata.buff_info_Conv2D_219_zero_off_out_421_cp_in_17_quant_scale.133
                0x080069e0        0x4 mobilenet_v2.o
 .rodata.buff_info_Conv2D_219_zero_off_out_421_cp_in_17_quant_offset.134
                0x080069e4        0x2 mobilenet_v2.o
 *fill*         0x080069e6        0x2 
 .rodata.buff_info_Conv2D_223_zero_off_out_430_quant_scale.135
                0x080069e8        0x4 mobilenet_v2.o
 .rodata.buff_info_Conv2D_223_zero_off_out_430_quant_offset.136
                0x080069ec        0x2 mobilenet_v2.o
 *fill*         0x080069ee        0x2 
 .rodata.buff_info_Add_226_out_0_quant_scale.137
                0x080069f0        0x4 mobilenet_v2.o
 .rodata.buff_info_Add_226_out_0_quant_offset.138
                0x080069f4        0x2 mobilenet_v2.o
 *fill*         0x080069f6        0x2 
 .rodata.buff_info_Conv2D_234_zero_off_out_448_quant_scale.139
                0x080069f8        0x4 mobilenet_v2.o
 .rodata.buff_info_Conv2D_234_zero_off_out_448_quant_offset.140
                0x080069fc        0x2 mobilenet_v2.o
 *fill*         0x080069fe        0x2 
 .rodata.buff_info_Conv2D_234_zero_off_out_448_cp_in_18_quant_scale.141
                0x08006a00        0x4 mobilenet_v2.o
 .rodata.buff_info_Conv2D_234_zero_off_out_448_cp_in_18_quant_offset.142
                0x08006a04        0x2 mobilenet_v2.o
 *fill*         0x08006a06        0x2 
 .rodata.buff_info_Conv2D_238_zero_off_out_457_quant_scale.143
                0x08006a08        0x4 mobilenet_v2.o
 .rodata.buff_info_Conv2D_238_zero_off_out_457_quant_offset.144
                0x08006a0c        0x2 mobilenet_v2.o
 *fill*         0x08006a0e        0x2 
 .rodata.buff_info__shape_1_112_4_4.145
                0x08006a10       0x10 mobilenet_v2.o
 .rodata.buff_info__mem_shape_M_1_112_4_4.146
                0x08006a20       0x14 mobilenet_v2.o
 .rodata.buff_info_Conv2D_238_off_bias_out_463_quant_scale.147
                0x08006a34        0x4 mobilenet_v2.o
 .rodata.buff_info_Conv2D_238_off_bias_out_463_quant_offset.148
                0x08006a38        0x2 mobilenet_v2.o
 *fill*         0x08006a3a        0x2 
 .rodata.buff_info__shape_1_1280_4_4.149
                0x08006a3c       0x10 mobilenet_v2.o
 .rodata.buff_info__mem_shape_M_1_1280_4_4.150
                0x08006a4c       0x14 mobilenet_v2.o
 .rodata.buff_info__shape_1_1280_1_1.151
                0x08006a60       0x10 mobilenet_v2.o
 .rodata.buff_info__mem_shape_F_1_1280_1_1.152
                0x08006a70       0x10 mobilenet_v2.o
 .rodata.buff_info_Gemm_247_conv_4_zero_off_out_475_quant_scale.153
                0x08006a80        0x4 mobilenet_v2.o
 .rodata.buff_info_Gemm_247_conv_4_zero_off_out_475_quant_offset.154
                0x08006a84        0x2 mobilenet_v2.o
 *fill*         0x08006a86        0x2 
 .rodata.buff_info__shape_1_5_1_1.155
                0x08006a88       0x10 mobilenet_v2.o
 .rodata.buff_info__mem_shape_F_1_5_1_1.156
                0x08006a98       0x10 mobilenet_v2.o
 .rodata.buff_info_Gemm_247_conv_4_off_bias_out_481_quant_scale.157
                0x08006aa8        0x4 mobilenet_v2.o
 .rodata.buff_info_Gemm_247_conv_4_off_bias_out_481_quant_offset.158
                0x08006aac        0x2 mobilenet_v2.o
 *fill*         0x08006aae        0x2 
 .rodata.buff_info__shape_1_5.159
                0x08006ab0       0x10 mobilenet_v2.o
 .rodata.buff_info__mem_shape_U_1_5.160
                0x08006ac0        0x8 mobilenet_v2.o
 .rodata.buff_info_Gemm_247_out_0_quant_scale.161
                0x08006ac8        0x4 mobilenet_v2.o
 .rodata.buff_info_Gemm_247_out_0_quant_offset.162
                0x08006acc        0x2 mobilenet_v2.o
 *fill*         0x08006ace        0x2 
 .rodata.buff_info_Softmax_250_out_0_quant_scale.163
                0x08006ad0        0x4 mobilenet_v2.o
 .rodata.buff_info_Softmax_250_out_0_quant_offset.164
                0x08006ad4        0x2 mobilenet_v2.o
 *fill*         0x08006ad6        0x2 
 .rodata.buff_info__shape_1_1_1_63.165
                0x08006ad8       0x10 mobilenet_v2.o
 .rodata.buff_info__mem_shape_F_1_1_1_63.166
                0x08006ae8       0x10 mobilenet_v2.o
 .rodata.str1.1
                0x08006af8     0x19a5 mobilenet_v2.o
 *fill*         0x0800849d        0x3 
 .rodata.buff_info.167
                0x080084a0      0xf18 mobilenet_v2.o
 .rodata.buff_info__shape_1_5.168
                0x080093b8       0x10 mobilenet_v2.o
 .rodata.buff_info__mem_shape_U_1_5.169
                0x080093c8        0x8 mobilenet_v2.o
 .rodata.buff_info.170
                0x080093d0       0x70 mobilenet_v2.o
 .rodata.buff_info__shape_1_128_128_3.171
                0x08009440       0x10 mobilenet_v2.o
 .rodata.buff_info__mem_shape_F_1_128_128_3.172
                0x08009450       0x10 mobilenet_v2.o
 .rodata.buff_info_Input_0_out_0_quant_scale.173
                0x08009460        0x4 mobilenet_v2.o
 .rodata.buff_info_Input_0_out_0_quant_offset.174
                0x08009464        0x2 mobilenet_v2.o
 *fill*         0x08009466        0x2 
 .rodata.buff_info__shape_16_3_3_3.175
                0x08009468       0x10 mobilenet_v2.o
 .rodata.buff_info__mem_shape_L_16_3_3_3.176
                0x08009478       0x10 mobilenet_v2.o
 .rodata.buff_info_Conv2D_7_weights_quant_scale.177
                0x08009488       0x40 mobilenet_v2.o
 .rodata.buff_info_Conv2D_7_weights_quant_offset.178
                0x080094c8       0x20 mobilenet_v2.o
 .rodata.buff_info__shape_8_16_1_1.179
                0x080094e8       0x10 mobilenet_v2.o
 .rodata.buff_info__mem_shape_F_8_16_1_1.180
                0x080094f8       0x10 mobilenet_v2.o
 .rodata.buff_info_Conv2D_16_weights_quant_scale.181
                0x08009508       0x20 mobilenet_v2.o
 .rodata.buff_info_Conv2D_16_weights_quant_offset.182
                0x08009528       0x10 mobilenet_v2.o
 .rodata.buff_info__shape_48_8_1_1.183
                0x08009538       0x10 mobilenet_v2.o
 .rodata.buff_info__mem_shape_F_48_8_1_1.184
                0x08009548       0x10 mobilenet_v2.o
 .rodata.buff_info_Conv2D_19_weights_quant_scale.185
                0x08009558       0xc0 mobilenet_v2.o
 .rodata.buff_info_Conv2D_19_weights_quant_offset.186
                0x08009618       0x60 mobilenet_v2.o
 .rodata.buff_info__shape_8_48_1_1.187
                0x08009678       0x10 mobilenet_v2.o
 .rodata.buff_info__mem_shape_F_8_48_1_1.188
                0x08009688       0x10 mobilenet_v2.o
 .rodata.buff_info_Conv2D_28_weights_quant_scale.189
                0x08009698       0x20 mobilenet_v2.o
 .rodata.buff_info_Conv2D_28_weights_quant_offset.190
                0x080096b8       0x10 mobilenet_v2.o
 .rodata.buff_info_Conv2D_31_weights_quant_scale.191
                0x080096c8       0xc0 mobilenet_v2.o
 .rodata.buff_info_Conv2D_31_weights_quant_offset.192
                0x08009788       0x60 mobilenet_v2.o
 .rodata.buff_info_Conv2D_40_weights_quant_scale.193
                0x080097e8       0x20 mobilenet_v2.o
 .rodata.buff_info_Conv2D_40_weights_quant_offset.194
                0x08009808       0x10 mobilenet_v2.o
 .rodata.buff_info_Conv2D_46_weights_quant_scale.195
                0x08009818       0xc0 mobilenet_v2.o
 .rodata.buff_info_Conv2D_46_weights_quant_offset.196
                0x080098d8       0x60 mobilenet_v2.o
 .rodata.buff_info__shape_16_48_1_1.197
                0x08009938       0x10 mobilenet_v2.o
 .rodata.buff_info__mem_shape_F_16_48_1_1.198
                0x08009948       0x10 mobilenet_v2.o
 .rodata.buff_info_Conv2D_55_weights_quant_scale.199
                0x08009958       0x40 mobilenet_v2.o
 .rodata.buff_info_Conv2D_55_weights_quant_offset.200
                0x08009998       0x20 mobilenet_v2.o
 .rodata.buff_info__shape_96_16_1_1.201
                0x080099b8       0x10 mobilenet_v2.o
 .rodata.buff_info__mem_shape_F_96_16_1_1.202
                0x080099c8       0x10 mobilenet_v2.o
 .rodata.buff_info_Conv2D_58_weights_quant_scale.203
                0x080099d8      0x180 mobilenet_v2.o
 .rodata.buff_info_Conv2D_58_weights_quant_offset.204
                0x08009b58       0xc0 mobilenet_v2.o
 .rodata.buff_info__shape_16_96_1_1.205
                0x08009c18       0x10 mobilenet_v2.o
 .rodata.buff_info__mem_shape_F_16_96_1_1.206
                0x08009c28       0x10 mobilenet_v2.o
 .rodata.buff_info_Conv2D_67_weights_quant_scale.207
                0x08009c38       0x40 mobilenet_v2.o
 .rodata.buff_info_Conv2D_67_weights_quant_offset.208
                0x08009c78       0x20 mobilenet_v2.o
 .rodata.buff_info_Conv2D_73_weights_quant_scale.209
                0x08009c98      0x180 mobilenet_v2.o
 .rodata.buff_info_Conv2D_73_weights_quant_offset.210
                0x08009e18       0xc0 mobilenet_v2.o
 .rodata.buff_info_Conv2D_82_weights_quant_scale.211
                0x08009ed8       0x40 mobilenet_v2.o
 .rodata.buff_info_Conv2D_82_weights_quant_offset.212
                0x08009f18       0x20 mobilenet_v2.o
 .rodata.buff_info_Conv2D_88_weights_quant_scale.213
                0x08009f38      0x180 mobilenet_v2.o
 .rodata.buff_info_Conv2D_88_weights_quant_offset.214
                0x0800a0b8       0xc0 mobilenet_v2.o
 .rodata.buff_info__shape_24_96_1_1.215
                0x0800a178       0x10 mobilenet_v2.o
 .rodata.buff_info__mem_shape_F_24_96_1_1.216
                0x0800a188       0x10 mobilenet_v2.o
 .rodata.buff_info_Conv2D_97_weights_quant_scale.217
                0x0800a198       0x60 mobilenet_v2.o
 .rodata.buff_info_Conv2D_97_weights_quant_offset.218
                0x0800a1f8       0x30 mobilenet_v2.o
 .rodata.buff_info__shape_144_24_1_1.219
                0x0800a228       0x10 mobilenet_v2.o
 .rodata.buff_info__mem_shape_F_144_24_1_1.220
                0x0800a238       0x10 mobilenet_v2.o
 .rodata.buff_info_Conv2D_100_weights_quant_scale.221
                0x0800a248      0x240 mobilenet_v2.o
 .rodata.buff_info_Conv2D_100_weights_quant_offset.222
                0x0800a488      0x120 mobilenet_v2.o
 .rodata.buff_info__shape_24_144_1_1.223
                0x0800a5a8       0x10 mobilenet_v2.o
 .rodata.buff_info__mem_shape_M_24_144_1_1.224
                0x0800a5b8       0x14 mobilenet_v2.o
 .rodata.buff_info_Conv2D_109_weights_quant_scale.225
                0x0800a5cc       0x60 mobilenet_v2.o
 .rodata.buff_info_Conv2D_109_weights_quant_offset.226
                0x0800a62c       0x30 mobilenet_v2.o
 .rodata.buff_info_Conv2D_115_weights_quant_scale.227
                0x0800a65c      0x240 mobilenet_v2.o
 .rodata.buff_info_Conv2D_115_weights_quant_offset.228
                0x0800a89c      0x120 mobilenet_v2.o
 .rodata.buff_info_Conv2D_124_weights_quant_scale.229
                0x0800a9bc       0x60 mobilenet_v2.o
 .rodata.buff_info_Conv2D_124_weights_quant_offset.230
                0x0800aa1c       0x30 mobilenet_v2.o
 .rodata.buff_info_Conv2D_130_weights_quant_scale.231
                0x0800aa4c      0x240 mobilenet_v2.o
 .rodata.buff_info_Conv2D_130_weights_quant_offset.232
                0x0800ac8c      0x120 mobilenet_v2.o
 .rodata.buff_info_Conv2D_139_weights_quant_scale.233
                0x0800adac       0x60 mobilenet_v2.o
 .rodata.buff_info_Conv2D_139_weights_quant_offset.234
                0x0800ae0c       0x30 mobilenet_v2.o
 .rodata.buff_info_Conv2D_145_weights_quant_scale.235
                0x0800ae3c      0x240 mobilenet_v2.o
 .rodata.buff_info_Conv2D_145_weights_quant_offset.236
                0x0800b07c      0x120 mobilenet_v2.o
 .rodata.buff_info__shape_32_144_1_1.237
                0x0800b19c       0x10 mobilenet_v2.o
 .rodata.buff_info__mem_shape_M_32_144_1_1.238
                0x0800b1ac       0x14 mobilenet_v2.o
 .rodata.buff_info_Conv2D_154_weights_quant_scale.239
                0x0800b1c0       0x80 mobilenet_v2.o
 .rodata.buff_info_Conv2D_154_weights_quant_offset.240
                0x0800b240       0x40 mobilenet_v2.o
 .rodata.buff_info__shape_192_32_1_1.241
                0x0800b280       0x10 mobilenet_v2.o
 .rodata.buff_info__mem_shape_M_192_32_1_1.242
                0x0800b290       0x14 mobilenet_v2.o
 .rodata.buff_info_Conv2D_157_weights_quant_scale.243
                0x0800b2a4      0x300 mobilenet_v2.o
 .rodata.buff_info_Conv2D_157_weights_quant_offset.244
                0x0800b5a4      0x180 mobilenet_v2.o
 .rodata.buff_info__shape_32_192_1_1.245
                0x0800b724       0x10 mobilenet_v2.o
 .rodata.buff_info__mem_shape_M_32_192_1_1.246
                0x0800b734       0x14 mobilenet_v2.o
 .rodata.buff_info_Conv2D_166_weights_quant_scale.247
                0x0800b748       0x80 mobilenet_v2.o
 .rodata.buff_info_Conv2D_166_weights_quant_offset.248
                0x0800b7c8       0x40 mobilenet_v2.o
 .rodata.buff_info_Conv2D_172_weights_quant_scale.249
                0x0800b808      0x300 mobilenet_v2.o
 .rodata.buff_info_Conv2D_172_weights_quant_offset.250
                0x0800bb08      0x180 mobilenet_v2.o
 .rodata.buff_info_Conv2D_181_weights_quant_scale.251
                0x0800bc88       0x80 mobilenet_v2.o
 .rodata.buff_info_Conv2D_181_weights_quant_offset.252
                0x0800bd08       0x40 mobilenet_v2.o
 .rodata.buff_info_Conv2D_187_weights_quant_scale.253
                0x0800bd48      0x300 mobilenet_v2.o
 .rodata.buff_info_Conv2D_187_weights_quant_offset.254
                0x0800c048      0x180 mobilenet_v2.o
 .rodata.buff_info__shape_56_192_1_1.255
                0x0800c1c8       0x10 mobilenet_v2.o
 .rodata.buff_info__mem_shape_M_56_192_1_1.256
                0x0800c1d8       0x14 mobilenet_v2.o
 .rodata.buff_info_Conv2D_196_weights_quant_scale.257
                0x0800c1ec       0xe0 mobilenet_v2.o
 .rodata.buff_info_Conv2D_196_weights_quant_offset.258
                0x0800c2cc       0x70 mobilenet_v2.o
 .rodata.buff_info__shape_336_56_1_1.259
                0x0800c33c       0x10 mobilenet_v2.o
 .rodata.buff_info__mem_shape_M_336_56_1_1.260
                0x0800c34c       0x14 mobilenet_v2.o
 .rodata.buff_info_Conv2D_199_weights_quant_scale.261
                0x0800c360      0x540 mobilenet_v2.o
 .rodata.buff_info_Conv2D_199_weights_quant_offset.262
                0x0800c8a0      0x2a0 mobilenet_v2.o
 .rodata.buff_info__shape_56_336_1_1.263
                0x0800cb40       0x10 mobilenet_v2.o
 .rodata.buff_info__mem_shape_M_56_336_1_1.264
                0x0800cb50       0x14 mobilenet_v2.o
 .rodata.buff_info_Conv2D_208_weights_quant_scale.265
                0x0800cb64       0xe0 mobilenet_v2.o
 .rodata.buff_info_Conv2D_208_weights_quant_offset.266
                0x0800cc44       0x70 mobilenet_v2.o
 .rodata.buff_info_Conv2D_214_weights_quant_scale.267
                0x0800ccb4      0x540 mobilenet_v2.o
 .rodata.buff_info_Conv2D_214_weights_quant_offset.268
                0x0800d1f4      0x2a0 mobilenet_v2.o
 .rodata.buff_info_Conv2D_223_weights_quant_scale.269
                0x0800d494       0xe0 mobilenet_v2.o
 .rodata.buff_info_Conv2D_223_weights_quant_offset.270
                0x0800d574       0x70 mobilenet_v2.o
 .rodata.buff_info_Conv2D_229_weights_quant_scale.271
                0x0800d5e4      0x540 mobilenet_v2.o
 .rodata.buff_info_Conv2D_229_weights_quant_offset.272
                0x0800db24      0x2a0 mobilenet_v2.o
 .rodata.buff_info__shape_112_336_1_1.273
                0x0800ddc4       0x10 mobilenet_v2.o
 .rodata.buff_info__mem_shape_M_112_336_1_1.274
                0x0800ddd4       0x14 mobilenet_v2.o
 .rodata.buff_info_Conv2D_238_weights_quant_scale.275
                0x0800dde8      0x1c0 mobilenet_v2.o
 .rodata.buff_info_Conv2D_238_weights_quant_offset.276
                0x0800dfa8       0xe0 mobilenet_v2.o
 .rodata.buff_info__shape_1280_112_1_1.277
                0x0800e088       0x10 mobilenet_v2.o
 .rodata.buff_info__mem_shape_M_1280_112_1_1.278
                0x0800e098       0x14 mobilenet_v2.o
 .rodata.buff_info_Conv2D_241_weights_quant_scale.279
                0x0800e0ac     0x1400 mobilenet_v2.o
 .rodata.buff_info_Conv2D_241_weights_quant_offset.280
                0x0800f4ac      0xa00 mobilenet_v2.o
 .rodata.buff_info__shape_1.281
                0x0800feac       0x10 mobilenet_v2.o
 .rodata.buff_info__mem_shape_U_1.282
                0x0800febc        0x4 mobilenet_v2.o
 .rodata.buff_info__shape_5_1280_1_1.283
                0x0800fec0       0x10 mobilenet_v2.o
 .rodata.buff_info__mem_shape_M_5_1280_1_1.284
                0x0800fed0       0x14 mobilenet_v2.o
 .rodata.buff_info_Gemm_247_weights_transposed_3_quant_scale.285
                0x0800fee4        0x4 mobilenet_v2.o
 .rodata.buff_info_Gemm_247_weights_transposed_3_quant_offset.286
                0x0800fee8        0x2 mobilenet_v2.o
 *fill*         0x0800feea        0x2 
 .rodata.buff_info__shape_16_1_1.287
                0x0800feec       0x10 mobilenet_v2.o
 .rodata.buff_info__mem_shape_M_16_1_1.288
                0x0800fefc       0x10 mobilenet_v2.o
 .rodata.buff_info_Conv2D_12_zero_off_17_quant_scale.289
                0x0800ff0c        0x4 mobilenet_v2.o
 .rodata.buff_info_Conv2D_12_zero_off_17_quant_offset.290
                0x0800ff10        0x2 mobilenet_v2.o
 *fill*         0x0800ff12        0x2 
 .rodata.buff_info_Conv2D_16_zero_off_26_quant_scale.291
                0x0800ff14        0x4 mobilenet_v2.o
 .rodata.buff_info_Conv2D_16_zero_off_26_quant_offset.292
                0x0800ff18        0x2 mobilenet_v2.o
 *fill*         0x0800ff1a        0x2 
 .rodata.buff_info__shape_8_1_1.293
                0x0800ff1c       0x10 mobilenet_v2.o
 .rodata.buff_info__mem_shape_F_8_1_1.294
                0x0800ff2c        0xc mobilenet_v2.o
 .rodata.buff_info__shape_48_1_1.295
                0x0800ff38       0x10 mobilenet_v2.o
 .rodata.buff_info__mem_shape_M_48_1_1.296
                0x0800ff48       0x10 mobilenet_v2.o
 .rodata.buff_info_Conv2D_24_zero_off_44_quant_scale.297
                0x0800ff58        0x4 mobilenet_v2.o
 .rodata.buff_info_Conv2D_24_zero_off_44_quant_offset.298
                0x0800ff5c        0x2 mobilenet_v2.o
 *fill*         0x0800ff5e        0x2 
 .rodata.buff_info_Conv2D_28_zero_off_53_quant_scale.299
                0x0800ff60        0x4 mobilenet_v2.o
 .rodata.buff_info_Conv2D_28_zero_off_53_quant_offset.300
                0x0800ff64        0x2 mobilenet_v2.o
 *fill*         0x0800ff66        0x2 
 .rodata.buff_info_Conv2D_36_zero_off_71_quant_scale.301
                0x0800ff68        0x4 mobilenet_v2.o
 .rodata.buff_info_Conv2D_36_zero_off_71_quant_offset.302
                0x0800ff6c        0x2 mobilenet_v2.o
 *fill*         0x0800ff6e        0x2 
 .rodata.buff_info_Conv2D_40_zero_off_80_quant_scale.303
                0x0800ff70        0x4 mobilenet_v2.o
 .rodata.buff_info_Conv2D_40_zero_off_80_quant_offset.304
                0x0800ff74        0x2 mobilenet_v2.o
 *fill*         0x0800ff76        0x2 
 .rodata.buff_info_Conv2D_51_zero_off_98_quant_scale.305
                0x0800ff78        0x4 mobilenet_v2.o
 .rodata.buff_info_Conv2D_51_zero_off_98_quant_offset.306
                0x0800ff7c        0x2 mobilenet_v2.o
 *fill*         0x0800ff7e        0x2 
 .rodata.buff_info_Conv2D_55_zero_off_107_quant_scale.307
                0x0800ff80        0x4 mobilenet_v2.o
 .rodata.buff_info_Conv2D_55_zero_off_107_quant_offset.308
                0x0800ff84        0x2 mobilenet_v2.o
 *fill*         0x0800ff86        0x2 
 .rodata.buff_info__mem_shape_F_16_1_1.309
                0x0800ff88        0xc mobilenet_v2.o
 .rodata.buff_info__shape_96_1_1.310
                0x0800ff94       0x10 mobilenet_v2.o
 .rodata.buff_info__mem_shape_M_96_1_1.311
                0x0800ffa4       0x10 mobilenet_v2.o
 .rodata.buff_info_Conv2D_63_zero_off_125_quant_scale.312
                0x0800ffb4        0x4 mobilenet_v2.o
 .rodata.buff_info_Conv2D_63_zero_off_125_quant_offset.313
                0x0800ffb8        0x2 mobilenet_v2.o
 *fill*         0x0800ffba        0x2 
 .rodata.buff_info_Conv2D_67_zero_off_134_quant_scale.314
                0x0800ffbc        0x4 mobilenet_v2.o
 .rodata.buff_info_Conv2D_67_zero_off_134_quant_offset.315
                0x0800ffc0        0x2 mobilenet_v2.o
 *fill*         0x0800ffc2        0x2 
 .rodata.buff_info_Conv2D_78_zero_off_152_quant_scale.316
                0x0800ffc4        0x4 mobilenet_v2.o
 .rodata.buff_info_Conv2D_78_zero_off_152_quant_offset.317
                0x0800ffc8        0x2 mobilenet_v2.o
 *fill*         0x0800ffca        0x2 
 .rodata.buff_info_Conv2D_82_zero_off_161_quant_scale.318
                0x0800ffcc        0x4 mobilenet_v2.o
 .rodata.buff_info_Conv2D_82_zero_off_161_quant_offset.319
                0x0800ffd0        0x2 mobilenet_v2.o
 *fill*         0x0800ffd2        0x2 
 .rodata.buff_info_Conv2D_93_zero_off_179_quant_scale.320
                0x0800ffd4        0x4 mobilenet_v2.o
 .rodata.buff_info_Conv2D_93_zero_off_179_quant_offset.321
                0x0800ffd8        0x2 mobilenet_v2.o
 *fill*         0x0800ffda        0x2 
 .rodata.buff_info_Conv2D_97_zero_off_188_quant_scale.322
                0x0800ffdc        0x4 mobilenet_v2.o
 .rodata.buff_info_Conv2D_97_zero_off_188_quant_offset.323
                0x0800ffe0        0x2 mobilenet_v2.o
 *fill*         0x0800ffe2        0x2 
 .rodata.buff_info__shape_24_1_1.324
                0x0800ffe4       0x10 mobilenet_v2.o
 .rodata.buff_info__mem_shape_F_24_1_1.325
                0x0800fff4        0xc mobilenet_v2.o
 .rodata.buff_info__shape_144_1_1.326
                0x08010000       0x10 mobilenet_v2.o
 .rodata.buff_info__mem_shape_M_144_1_1.327
                0x08010010       0x10 mobilenet_v2.o
 .rodata.buff_info_Conv2D_105_zero_off_206_quant_scale.328
                0x08010020        0x4 mobilenet_v2.o
 .rodata.buff_info_Conv2D_105_zero_off_206_quant_offset.329
                0x08010024        0x2 mobilenet_v2.o
 *fill*         0x08010026        0x2 
 .rodata.buff_info_Conv2D_109_zero_off_215_quant_scale.330
                0x08010028        0x4 mobilenet_v2.o
 .rodata.buff_info_Conv2D_109_zero_off_215_quant_offset.331
                0x0801002c        0x2 mobilenet_v2.o
 *fill*         0x0801002e        0x2 
 .rodata.buff_info_Conv2D_120_zero_off_233_quant_scale.332
                0x08010030        0x4 mobilenet_v2.o
 .rodata.buff_info_Conv2D_120_zero_off_233_quant_offset.333
                0x08010034        0x2 mobilenet_v2.o
 *fill*         0x08010036        0x2 
 .rodata.buff_info_Conv2D_124_zero_off_242_quant_scale.334
                0x08010038        0x4 mobilenet_v2.o
 .rodata.buff_info_Conv2D_124_zero_off_242_quant_offset.335
                0x0801003c        0x2 mobilenet_v2.o
 *fill*         0x0801003e        0x2 
 .rodata.buff_info_Conv2D_135_zero_off_260_quant_scale.336
                0x08010040        0x4 mobilenet_v2.o
 .rodata.buff_info_Conv2D_135_zero_off_260_quant_offset.337
                0x08010044        0x2 mobilenet_v2.o
 *fill*         0x08010046        0x2 
 .rodata.buff_info_Conv2D_139_zero_off_269_quant_scale.338
                0x08010048        0x4 mobilenet_v2.o
 .rodata.buff_info_Conv2D_139_zero_off_269_quant_offset.339
                0x0801004c        0x2 mobilenet_v2.o
 *fill*         0x0801004e        0x2 
 .rodata.buff_info_Conv2D_150_zero_off_287_quant_scale.340
                0x08010050        0x4 mobilenet_v2.o
 .rodata.buff_info_Conv2D_150_zero_off_287_quant_offset.341
                0x08010054        0x2 mobilenet_v2.o
 *fill*         0x08010056        0x2 
 .rodata.buff_info_Conv2D_154_zero_off_296_quant_scale.342
                0x08010058        0x4 mobilenet_v2.o
 .rodata.buff_info_Conv2D_154_zero_off_296_quant_offset.343
                0x0801005c        0x2 mobilenet_v2.o
 *fill*         0x0801005e        0x2 
 .rodata.buff_info__shape_32_1_1.344
                0x08010060       0x10 mobilenet_v2.o
 .rodata.buff_info__mem_shape_M_32_1_1.345
                0x08010070       0x10 mobilenet_v2.o
 .rodata.buff_info__shape_192_1_1.346
                0x08010080       0x10 mobilenet_v2.o
 .rodata.buff_info__mem_shape_M_192_1_1.347
                0x08010090       0x10 mobilenet_v2.o
 .rodata.buff_info_Conv2D_162_zero_off_314_quant_scale.348
                0x080100a0        0x4 mobilenet_v2.o
 .rodata.buff_info_Conv2D_162_zero_off_314_quant_offset.349
                0x080100a4        0x2 mobilenet_v2.o
 *fill*         0x080100a6        0x2 
 .rodata.buff_info_Conv2D_166_zero_off_323_quant_scale.350
                0x080100a8        0x4 mobilenet_v2.o
 .rodata.buff_info_Conv2D_166_zero_off_323_quant_offset.351
                0x080100ac        0x2 mobilenet_v2.o
 *fill*         0x080100ae        0x2 
 .rodata.buff_info_Conv2D_177_zero_off_341_quant_scale.352
                0x080100b0        0x4 mobilenet_v2.o
 .rodata.buff_info_Conv2D_177_zero_off_341_quant_offset.353
                0x080100b4        0x2 mobilenet_v2.o
 *fill*         0x080100b6        0x2 
 .rodata.buff_info_Conv2D_181_zero_off_350_quant_scale.354
                0x080100b8        0x4 mobilenet_v2.o
 .rodata.buff_info_Conv2D_181_zero_off_350_quant_offset.355
                0x080100bc        0x2 mobilenet_v2.o
 *fill*         0x080100be        0x2 
 .rodata.buff_info_Conv2D_192_zero_off_368_quant_scale.356
                0x080100c0        0x4 mobilenet_v2.o
 .rodata.buff_info_Conv2D_192_zero_off_368_quant_offset.357
                0x080100c4        0x2 mobilenet_v2.o
 *fill*         0x080100c6        0x2 
 .rodata.buff_info_Conv2D_196_zero_off_377_quant_scale.358
                0x080100c8        0x4 mobilenet_v2.o
 .rodata.buff_info_Conv2D_196_zero_off_377_quant_offset.359
                0x080100cc        0x2 mobilenet_v2.o
 *fill*         0x080100ce        0x2 
 .rodata.buff_info__shape_56_1_1.360
                0x080100d0       0x10 mobilenet_v2.o
 .rodata.buff_info__mem_shape_M_56_1_1.361
                0x080100e0       0x10 mobilenet_v2.o
 .rodata.buff_info__shape_336_1_1.362
                0x080100f0       0x10 mobilenet_v2.o
 .rodata.buff_info__mem_shape_M_336_1_1.363
                0x08010100       0x10 mobilenet_v2.o
 .rodata.buff_info_Conv2D_204_zero_off_395_quant_scale.364
                0x08010110        0x4 mobilenet_v2.o
 .rodata.buff_info_Conv2D_204_zero_off_395_quant_offset.365
                0x08010114        0x2 mobilenet_v2.o
 *fill*         0x08010116        0x2 
 .rodata.buff_info_Conv2D_208_zero_off_404_quant_scale.366
                0x08010118        0x4 mobilenet_v2.o
 .rodata.buff_info_Conv2D_208_zero_off_404_quant_offset.367
                0x0801011c        0x2 mobilenet_v2.o
 *fill*         0x0801011e        0x2 
 .rodata.buff_info_Conv2D_219_zero_off_422_quant_scale.368
                0x08010120        0x4 mobilenet_v2.o
 .rodata.buff_info_Conv2D_219_zero_off_422_quant_offset.369
                0x08010124        0x2 mobilenet_v2.o
 *fill*         0x08010126        0x2 
 .rodata.buff_info_Conv2D_223_zero_off_431_quant_scale.370
                0x08010128        0x4 mobilenet_v2.o
 .rodata.buff_info_Conv2D_223_zero_off_431_quant_offset.371
                0x0801012c        0x2 mobilenet_v2.o
 *fill*         0x0801012e        0x2 
 .rodata.buff_info_Conv2D_234_zero_off_449_quant_scale.372
                0x08010130        0x4 mobilenet_v2.o
 .rodata.buff_info_Conv2D_234_zero_off_449_quant_offset.373
                0x08010134        0x2 mobilenet_v2.o
 *fill*         0x08010136        0x2 
 .rodata.buff_info_Conv2D_238_zero_off_458_quant_scale.374
                0x08010138        0x4 mobilenet_v2.o
 .rodata.buff_info_Conv2D_238_zero_off_458_quant_offset.375
                0x0801013c        0x2 mobilenet_v2.o
 *fill*         0x0801013e        0x2 
 .rodata.buff_info__shape_112_1_1.376
                0x08010140       0x10 mobilenet_v2.o
 .rodata.buff_info__mem_shape_M_112_1_1.377
                0x08010150       0x10 mobilenet_v2.o
 .rodata.buff_info__shape_1280_1_4.378
                0x08010160       0x10 mobilenet_v2.o
 .rodata.buff_info__mem_shape_M_1280_1_4.379
                0x08010170       0x10 mobilenet_v2.o
 .rodata.buff_info_Gemm_247_conv_4_zero_off_476_quant_scale.380
                0x08010180        0x4 mobilenet_v2.o
 .rodata.buff_info_Gemm_247_conv_4_zero_off_476_quant_offset.381
                0x08010184        0x2 mobilenet_v2.o
 *fill*         0x08010186        0x2 
 .rodata.buff_info__shape_5_1_1.382
                0x08010188       0x10 mobilenet_v2.o
 .rodata.buff_info__mem_shape_F_5_1_1.383
                0x08010198        0xc mobilenet_v2.o
 .rodata.buff_info__shape_16_8_3_3.384
                0x080101a4       0x10 mobilenet_v2.o
 .rodata.buff_info__mem_shape_L_16_8_3_3.385
                0x080101b4       0x10 mobilenet_v2.o
 .rodata.buff_info_Conv2D_12_weights_inflated_484_quant_scale.386
                0x080101c4       0x40 mobilenet_v2.o
 .rodata.buff_info_Conv2D_12_weights_inflated_484_quant_offset.387
                0x08010204       0x20 mobilenet_v2.o
 .rodata.buff_info__shape_48_8_3_3.388
                0x08010224       0x10 mobilenet_v2.o
 .rodata.buff_info__mem_shape_L_48_8_3_3.389
                0x08010234       0x10 mobilenet_v2.o
 .rodata.buff_info_Conv2D_24_weights_inflated_486_quant_scale.390
                0x08010244       0xc0 mobilenet_v2.o
 .rodata.buff_info_Conv2D_24_weights_inflated_486_quant_offset.391
                0x08010304       0x60 mobilenet_v2.o
 .rodata.buff_info_Conv2D_36_weights_inflated_488_quant_scale.392
                0x08010364       0xc0 mobilenet_v2.o
 .rodata.buff_info_Conv2D_36_weights_inflated_488_quant_offset.393
                0x08010424       0x60 mobilenet_v2.o
 .rodata.buff_info_Conv2D_51_weights_inflated_490_quant_scale.394
                0x08010484       0xc0 mobilenet_v2.o
 .rodata.buff_info_Conv2D_51_weights_inflated_490_quant_offset.395
                0x08010544       0x60 mobilenet_v2.o
 .rodata.buff_info__shape_96_8_3_3.396
                0x080105a4       0x10 mobilenet_v2.o
 .rodata.buff_info__mem_shape_L_96_8_3_3.397
                0x080105b4       0x10 mobilenet_v2.o
 .rodata.buff_info_Conv2D_63_weights_inflated_492_quant_scale.398
                0x080105c4      0x180 mobilenet_v2.o
 .rodata.buff_info_Conv2D_63_weights_inflated_492_quant_offset.399
                0x08010744       0xc0 mobilenet_v2.o
 .rodata.buff_info_Conv2D_78_weights_inflated_494_quant_scale.400
                0x08010804      0x180 mobilenet_v2.o
 .rodata.buff_info_Conv2D_78_weights_inflated_494_quant_offset.401
                0x08010984       0xc0 mobilenet_v2.o
 .rodata.buff_info_Conv2D_93_weights_inflated_496_quant_scale.402
                0x08010a44      0x180 mobilenet_v2.o
 .rodata.buff_info_Conv2D_93_weights_inflated_496_quant_offset.403
                0x08010bc4       0xc0 mobilenet_v2.o
 .rodata.buff_info__shape_144_8_3_3.404
                0x08010c84       0x10 mobilenet_v2.o
 .rodata.buff_info__mem_shape_L_144_8_3_3.405
                0x08010c94       0x10 mobilenet_v2.o
 .rodata.buff_info_Conv2D_105_weights_inflated_498_quant_scale.406
                0x08010ca4      0x240 mobilenet_v2.o
 .rodata.buff_info_Conv2D_105_weights_inflated_498_quant_offset.407
                0x08010ee4      0x120 mobilenet_v2.o
 .rodata.buff_info_Conv2D_120_weights_inflated_500_quant_scale.408
                0x08011004      0x240 mobilenet_v2.o
 .rodata.buff_info_Conv2D_120_weights_inflated_500_quant_offset.409
                0x08011244      0x120 mobilenet_v2.o
 .rodata.buff_info_Conv2D_135_weights_inflated_502_quant_scale.410
                0x08011364      0x240 mobilenet_v2.o
 .rodata.buff_info_Conv2D_135_weights_inflated_502_quant_offset.411
                0x080115a4      0x120 mobilenet_v2.o
 .rodata.buff_info_Conv2D_150_weights_inflated_504_quant_scale.412
                0x080116c4      0x240 mobilenet_v2.o
 .rodata.buff_info_Conv2D_150_weights_inflated_504_quant_offset.413
                0x08011904      0x120 mobilenet_v2.o
 .rodata.buff_info__shape_192_8_3_3.414
                0x08011a24       0x10 mobilenet_v2.o
 .rodata.buff_info__mem_shape_L_192_8_3_3.415
                0x08011a34       0x10 mobilenet_v2.o
 .rodata.buff_info_Conv2D_162_weights_inflated_506_quant_scale.416
                0x08011a44      0x300 mobilenet_v2.o
 .rodata.buff_info_Conv2D_162_weights_inflated_506_quant_offset.417
                0x08011d44      0x180 mobilenet_v2.o
 .rodata.buff_info_Conv2D_177_weights_inflated_508_quant_scale.418
                0x08011ec4      0x300 mobilenet_v2.o
 .rodata.buff_info_Conv2D_177_weights_inflated_508_quant_offset.419
                0x080121c4      0x180 mobilenet_v2.o
 .rodata.buff_info_Conv2D_192_weights_inflated_510_quant_scale.420
                0x08012344      0x300 mobilenet_v2.o
 .rodata.buff_info_Conv2D_192_weights_inflated_510_quant_offset.421
                0x08012644      0x180 mobilenet_v2.o
 .rodata.buff_info__shape_336_8_3_3.422
                0x080127c4       0x10 mobilenet_v2.o
 .rodata.buff_info__mem_shape_L_336_8_3_3.423
                0x080127d4       0x10 mobilenet_v2.o
 .rodata.buff_info_Conv2D_204_weights_inflated_512_quant_scale.424
                0x080127e4      0x540 mobilenet_v2.o
 .rodata.buff_info_Conv2D_204_weights_inflated_512_quant_offset.425
                0x08012d24      0x2a0 mobilenet_v2.o
 .rodata.buff_info_Conv2D_219_weights_inflated_514_quant_scale.426
                0x08012fc4      0x540 mobilenet_v2.o
 .rodata.buff_info_Conv2D_219_weights_inflated_514_quant_offset.427
                0x08013504      0x2a0 mobilenet_v2.o
 .rodata.buff_info_Conv2D_234_weights_inflated_516_quant_scale.428
                0x080137a4      0x540 mobilenet_v2.o
 .rodata.buff_info_Conv2D_234_weights_inflated_516_quant_offset.429
                0x08013ce4      0x2a0 mobilenet_v2.o
 .rodata.buff_info__shape_1_1_1_1.430
                0x08013f84       0x10 mobilenet_v2.o
 .rodata.buff_info__mem_shape_F_1_1_1_1.431
                0x08013f94       0x10 mobilenet_v2.o
 .rodata.buff_info.432
                0x08013fa4     0x2c68 mobilenet_v2.o
 .rodata.ll_atonn_rt_epoch_block_array.433
                0x08016c0c       0x50 mobilenet_v2.o
 *fill*         0x08016c5c        0x4 
 .rodata._ec_blob_1
                0x08016c60    0x25c08 mobilenet_v2.o
 .rodata.str1.1
                0x0803c868        0xd stedgeai_app_main.o
 *fill*         0x0803c875        0x3 
 .rodata.NN_Interface_mobilenet_v2
                0x0803c878       0x2c stedgeai_app_main.o
 .rodata.__assert_func.str1.1
                0x0803c8a4       0x3c c:/program files (x86)/arm gnu toolchain arm-none-eabi/12.3 rel1/bin/../lib/gcc/arm-none-eabi/12.3.1/thumb/v8-m.main+dp/hard\libc_nano.a(libc_a-assert.o)
                                 0x3d (size before relaxing)
 .rodata._strerror_r.str1.1
                0x0803c8e0      0x696 c:/program files (x86)/arm gnu toolchain arm-none-eabi/12.3 rel1/bin/../lib/gcc/arm-none-eabi/12.3.1/thumb/v8-m.main+dp/hard\libc_nano.a(libc_a-strerror.o)
                                0x697 (size before relaxing)
 .rodata._vfprintf_r.str1.1
                0x0803cf76       0x11 c:/program files (x86)/arm gnu toolchain arm-none-eabi/12.3 rel1/bin/../lib/gcc/arm-none-eabi/12.3.1/thumb/v8-m.main+dp/hard\libc_nano.a(libc_a-nano-vfprintf.o)
 .rodata._printf_i.str1.1
                0x0803cf87       0x22 c:/program files (x86)/arm gnu toolchain arm-none-eabi/12.3 rel1/bin/../lib/gcc/arm-none-eabi/12.3.1/thumb/v8-m.main+dp/hard\libc_nano.a(libc_a-nano-vfprintf_i.o)
 *fill*         0x0803cfa9        0x7 
 .rodata.__exp2f_data
                0x0803cfb0      0x148 c:/program files (x86)/arm gnu toolchain arm-none-eabi/12.3 rel1/bin/../lib/gcc/arm-none-eabi/12.3.1/thumb/v8-m.main+dp/hard\libm.a(libm_a-sf_exp2_data.o)
                0x0803cfb0                __exp2f_data
 .rodata.__powf_log2_data
                0x0803d0f8      0x128 c:/program files (x86)/arm gnu toolchain arm-none-eabi/12.3 rel1/bin/../lib/gcc/arm-none-eabi/12.3.1/thumb/v8-m.main+dp/hard\libm.a(libm_a-sf_pow_log2_data.o)
                0x0803d0f8                __powf_log2_data
                0x0803d220                        . = ALIGN (0x4)

.rel.dyn        0x0803d220        0x0
 .rel.iplt      0x0803d220        0x0 c:/program files (x86)/arm gnu toolchain arm-none-eabi/12.3 rel1/bin/../lib/gcc/arm-none-eabi/12.3.1/thumb/v8-m.main+dp/hard/crtbegin.o

.ARM.extab      0x0803d220        0x0
                0x0803d220                        . = ALIGN (0x4)
 *(.ARM.extab* .gnu.linkonce.armextab.*)
                0x0803d220                        . = ALIGN (0x4)

.ARM            0x0803d220        0x0
                0x0803d220                        . = ALIGN (0x4)
                0x0803d220                        __exidx_start = .
 *(.ARM.exidx*)
                0x0803d220                        __exidx_end = .
                0x0803d220                        . = ALIGN (0x4)

.preinit_array  0x0803d220        0x0
                0x0803d220                        . = ALIGN (0x4)
                0x0803d220                        PROVIDE (__preinit_array_start = .)
 *(.preinit_array*)
                0x0803d220                        PROVIDE (__preinit_array_end = .)
                0x0803d220                        . = ALIGN (0x4)

.init_array     0x0803d220        0x4
                0x0803d220                        . = ALIGN (0x4)
                0x0803d220                        PROVIDE (__init_array_start = .)
 *(SORT_BY_NAME(.init_array.*))
 *(.init_array*)
 .init_array    0x0803d220        0x4 c:/program files (x86)/arm gnu toolchain arm-none-eabi/12.3 rel1/bin/../lib/gcc/arm-none-eabi/12.3.1/thumb/v8-m.main+dp/hard/crtbegin.o
                0x0803d224                        PROVIDE (__init_array_end = .)
                0x0803d224                        . = ALIGN (0x4)

.fini_array     0x0803d224        0x4
                0x0803d224                        . = ALIGN (0x4)
                [!provide]                        PROVIDE (__fini_array_start = .)
 *(SORT_BY_NAME(.fini_array.*))
 *(.fini_array*)
 .fini_array    0x0803d224        0x4 c:/program files (x86)/arm gnu toolchain arm-none-eabi/12.3 rel1/bin/../lib/gcc/arm-none-eabi/12.3.1/thumb/v8-m.main+dp/hard/crtbegin.o
                [!provide]                        PROVIDE (__fini_array_end = .)
                0x0803d228                        . = ALIGN (0x4)
                0x0803d228                        _sidata = LOADADDR (.data)

.data           0x20000000       0x84 load address 0x0803d228
                0x20000000                        . = ALIGN (0x4)
                0x20000000                        _sdata = .
 *(.data)
 *(.data*)
 .data.NN_Instance_mobilenet_v2
                0x20000000       0x28 stedgeai_app_main.o
 .data.__sglue  0x20000028        0xc c:/program files (x86)/arm gnu toolchain arm-none-eabi/12.3 rel1/bin/../lib/gcc/arm-none-eabi/12.3.1/thumb/v8-m.main+dp/hard\libc_nano.a(libc_a-findfp.o)
                0x20000028                __sglue
 .data._impure_ptr
                0x20000034        0x4 c:/program files (x86)/arm gnu toolchain arm-none-eabi/12.3 rel1/bin/../lib/gcc/arm-none-eabi/12.3.1/thumb/v8-m.main+dp/hard\libc_nano.a(libc_a-impure.o)
                0x20000034                _impure_ptr
 .data._impure_data
                0x20000038       0x4c c:/program files (x86)/arm gnu toolchain arm-none-eabi/12.3 rel1/bin/../lib/gcc/arm-none-eabi/12.3.1/thumb/v8-m.main+dp/hard\libc_nano.a(libc_a-impure.o)
                0x20000038                _impure_data
                0x20000084                        . = ALIGN (0x4)
                0x20000084                        _edata = .

.tm_clone_table
                0x20000084        0x0 load address 0x0803d2ac
 .tm_clone_table
                0x20000084        0x0 c:/program files (x86)/arm gnu toolchain arm-none-eabi/12.3 rel1/bin/../lib/gcc/arm-none-eabi/12.3.1/thumb/v8-m.main+dp/hard/crtbegin.o
 .tm_clone_table
                0x20000084        0x0 c:/program files (x86)/arm gnu toolchain arm-none-eabi/12.3 rel1/bin/../lib/gcc/arm-none-eabi/12.3.1/thumb/v8-m.main+dp/hard/crtend.o

.igot.plt       0x20000084        0x0 load address 0x0803d2ac
 .igot.plt      0x20000084        0x0 c:/program files (x86)/arm gnu toolchain arm-none-eabi/12.3 rel1/bin/../lib/gcc/arm-none-eabi/12.3.1/thumb/v8-m.main+dp/hard/crtbegin.o
                0x20000084                        . = ALIGN (0x4)

.bss            0x20000084      0x17c load address 0x0803d2ac
                0x20000084                        _sbss = .
                0x20000084                        __bss_start__ = _sbss
 *(.bss)
 *(.bss*)
 .bss.completed.1
                0x20000084        0x1 c:/program files (x86)/arm gnu toolchain arm-none-eabi/12.3 rel1/bin/../lib/gcc/arm-none-eabi/12.3.1/thumb/v8-m.main+dp/hard/crtbegin.o
 *fill*         0x20000085        0x3 
 .bss.object.0  0x20000088       0x18 c:/program files (x86)/arm gnu toolchain arm-none-eabi/12.3 rel1/bin/../lib/gcc/arm-none-eabi/12.3.1/thumb/v8-m.main+dp/hard/crtbegin.o
 .bss.done.9    0x200000a0        0x1 ll_aton.o
 *fill*         0x200000a1        0x3 
 .bss.ll_aton_init_deinit_trace
                0x200000a4        0x4 ll_aton_runtime.o
 .bss.__ll_current_wait_mask
                0x200000a8        0x4 ll_aton_runtime.o
                0x200000a8                __ll_current_wait_mask
 .bss.__ll_current_aton_ip_owner
                0x200000ac        0x4 ll_aton_runtime.o
                0x200000ac                __ll_current_aton_ip_owner
 .bss.__sbrk_heap_end
                0x200000b0        0x4 sysmem.o
 .bss.__malloc_sbrk_start
                0x200000b4        0x4 c:/program files (x86)/arm gnu toolchain arm-none-eabi/12.3 rel1/bin/../lib/gcc/arm-none-eabi/12.3.1/thumb/v8-m.main+dp/hard\libc_nano.a(libc_a-mallocr.o)
                0x200000b4                __malloc_sbrk_start
 .bss.__malloc_free_list
                0x200000b8        0x4 c:/program files (x86)/arm gnu toolchain arm-none-eabi/12.3 rel1/bin/../lib/gcc/arm-none-eabi/12.3.1/thumb/v8-m.main+dp/hard\libc_nano.a(libc_a-mallocr.o)
                0x200000b8                __malloc_free_list
 .bss.__sf      0x200000bc      0x138 c:/program files (x86)/arm gnu toolchain arm-none-eabi/12.3 rel1/bin/../lib/gcc/arm-none-eabi/12.3.1/thumb/v8-m.main+dp/hard\libc_nano.a(libc_a-findfp.o)
                0x200000bc                __sf
 .bss.__stdio_exit_handler
                0x200001f4        0x4 c:/program files (x86)/arm gnu toolchain arm-none-eabi/12.3 rel1/bin/../lib/gcc/arm-none-eabi/12.3.1/thumb/v8-m.main+dp/hard\libc_nano.a(libc_a-findfp.o)
                0x200001f4                __stdio_exit_handler
 .bss.errno     0x200001f8        0x4 c:/program files (x86)/arm gnu toolchain arm-none-eabi/12.3 rel1/bin/../lib/gcc/arm-none-eabi/12.3.1/thumb/v8-m.main+dp/hard\libc_nano.a(libc_a-reent.o)
                0x200001f8                errno
 .bss.__lock___malloc_recursive_mutex